[backblue.gif]
[fade.gif]
[index.html]
[jthemes.com/themes/wp/jobbox]
[jthemes.com/themes/wp/jobbox/index.html]
[jthemes.com/themes/wp/jobbox/wp-includes/css/dist/block-library/style.mine35d.css]
[jthemes.com/themes/wp/jobbox/wp-content/plugins/control-job-manager/vendor/tags/assets/dist/css/frontend5a2c.css]
[code.jquery.com/ui/1.13.2/themes/smoothness/jquery-ui.min3f14.css]
[jthemes.com/themes/wp/jobbox/wp-content/themes/jobbox/assets/css/vendors/normalizefd24.css]
[jthemes.com/themes/wp/jobbox/wp-content/themes/jobbox/assets/css/bootstrap/bootstrapbb49.css]
[jthemes.com/themes/wp/jobbox/wp-content/themes/jobbox/assets/css/vendors/uicons-regular-rounded8a54.css]
[jthemes.com/themes/wp/jobbox/wp-content/themes/jobbox/assets/css/all.min10df.css]
[jthemes.com/themes/wp/jobbox/wp-content/themes/jobbox/assets/css/plugins/swiper-bundle.min5d50.css]
[jthemes.com/themes/wp/jobbox/wp-content/themes/jobbox/assets/css/plugins/magnific-popupf488.css]
[jthemes.com/themes/wp/jobbox/wp-content/themes/jobbox/assets/css/plugins/select2.min8a54.css]
[jthemes.com/themes/wp/jobbox/wp-content/themes/jobbox/assets/css/plugins/perfect-scrollbar8a54.css]
[jthemes.com/themes/wp/jobbox/wp-content/themes/jobbox/assets/css/plugins/animate.min49eb.css]
[jthemes.com/themes/wp/jobbox/wp-content/themes/jobbox/assets/css/theme8a54.css]
[jthemes.com/themes/wp/jobbox/wp-content/themes/jobbox/assets/css/style8a54.css]
[jthemes.com/themes/wp/jobbox/wp-content/themes/jobbox/assets/css/woocommerce7359.css]
[jthemes.com/themes/wp/jobbox/wp-content/themes/jobbox/assets/css/wp-job-manager7359.css]
[jthemes.com/themes/wp/jobbox/wp-content/themes/jobbox/stylee35d.css]
[jthemes.com/themes/wp/jobbox/wp-content/plugins/control-elementor/assets/css/control-elementor8a54.css]
[jthemes.com/themes/wp/jobbox/wp-content/plugins/elementor/assets/lib/eicons/css/elementor-icons.min192d.css]
[jthemes.com/themes/wp/jobbox/wp-content/plugins/elementor/assets/css/frontend-lite.min33f1.css]
[jthemes.com/themes/wp/jobbox/wp-content/plugins/elementor/assets/lib/swiper/css/swiper.min48f5.css]
[jthemes.com/themes/wp/jobbox/wp-content/uploads/elementor/css/post-2295f34a.css]
[jthemes.com/themes/wp/jobbox/wp-content/uploads/elementor/css/globald33d.css]
[jthemes.com/themes/wp/jobbox/wp-content/uploads/elementor/css/post-97b900.css]
[jthemes.com/themes/wp/jobbox/wp-content/plugins/control-block-patterns/assets/css/control-block-patterns4f18.css]
[jthemes.com/themes/wp/jobbox/wp-includes/js/jquery/jquery.min3088.js]
[jthemes.com/themes/wp/jobbox/wp-includes/js/jquery/jquery-migrate.min5589.js]
[jthemes.com/themes/wp/jobbox/wp-json/wp/v2/pages/97.json]
[jthemes.com/themes/wp/jobbox/wp-json/index.html]
[jthemes.com/themes/wp/jobbox/wp-json/oembed/1.0/embed8986.json]
[jthemes.com/themes/wp/jobbox/wp-json/oembed/1.0/embed4bd2]
[jthemes.com/themes/wp/jobbox/wp-content/themes/jobbox/assets/imgs/template/jobhub-logo.svg]
[jthemes.com/themes/wp/jobbox/home-2/index.html]
[jthemes.com/themes/wp/jobbox/home-4/index.html]
[jthemes.com/themes/wp/jobbox/home-5/index.html]
[jthemes.com/themes/wp/jobbox/wp-content/uploads/2023/03/bg-banner.svg]
[jthemes.com/themes/wp/jobbox/home-6/index.html]
[jthemes.com/themes/wp/jobbox/jobs/index.html]
[jthemes.com/themes/wp/jobbox/job/full-stack-engineer-3/index.html]
[jthemes.com/themes/wp/jobbox/job-dashboard/index.html]
[jthemes.com/themes/wp/jobbox/recruiters/index.html]
[jthemes.com/themes/wp/jobbox/company/aceable-inc/index.html]
[jthemes.com/themes/wp/jobbox/wp-content/uploads/2022/09/img-banner.png]
[jthemes.com/themes/wp/jobbox/candidates/index.html]
[jthemes.com/themes/wp/jobbox/candidate/floyd-miles/index.html]
[jthemes.com/themes/wp/jobbox/candidate/robert-fox-2/index.html]
[jthemes.com/themes/wp/jobbox/blog/index.html]
[jthemes.com/themes/wp/jobbox/how-to-write-an-application-letter-with-examples-2/index.html]
[jthemes.com/themes/wp/jobbox/about-us/index.html]
[jthemes.com/themes/wp/jobbox/contact-us/index.html]
[jthemes.com/themes/wp/jobbox/wp-content/uploads/2023/03/hero-image.png]
[jthemes.com/themes/wp/jobbox/pricing-plan/index.html]
[jthemes.com/themes/wp/jobbox/shop/index.html]
[jthemes.com/themes/wp/jobbox/jobs/index58e3.html]
[jthemes.com/themes/wp/jobbox/jobs/index42ee.html]
[jthemes.com/themes/wp/jobbox/jobs/index0bfd.html]
[jthemes.com/themes/wp/jobbox/wp-content/uploads/2023/03/content-writer.svg]
[jthemes.com/themes/wp/jobbox/wp-content/uploads/2023/03/finance.svg]
[jthemes.com/themes/wp/jobbox/wp-content/uploads/2023/03/customer-service.svg]
[jthemes.com/themes/wp/jobbox/wp-content/uploads/2023/03/management.svg]
[jthemes.com/themes/wp/jobbox/wp-content/uploads/2023/03/research.svg]
[jthemes.com/themes/wp/jobbox/jobs/indexe724.html]
[jthemes.com/themes/wp/jobbox/jobs/index8162.html]
[jthemes.com/themes/wp/jobbox/wp-content/uploads/2023/03/retail.svg]
[jthemes.com/themes/wp/jobbox/jobs/index5021.html]
[jthemes.com/themes/wp/jobbox/jobs/index0b02.html]
[jthemes.com/themes/wp/jobbox/candidate/skill/app/index.html]
[jthemes.com/themes/wp/jobbox/job/five-places-must-visit-in-turkey/index.html]
[jthemes.com/themes/wp/jobbox/candidate/skill/figma/index.html]
[jthemes.com/themes/wp/jobbox/candidate/skill/psd/index.html]
[jthemes.com/themes/wp/jobbox/wp-content/uploads/2022/09/recruiter-13.svg]
[jthemes.com/themes/wp/jobbox/candidate/skill/adobe-xd/index.html]
[jthemes.com/themes/wp/jobbox/index234b.html]
[jthemes.com/themes/wp/jobbox/indexd619.html]
[jthemes.com/themes/wp/jobbox/indexf66c.html]
[jthemes.com/themes/wp/jobbox/index7a07.html]
[jthemes.com/themes/wp/jobbox/index89b9.html]
[jthemes.com/themes/wp/jobbox/candidate/skill/photoshop/index.html]
[jthemes.com/themes/wp/jobbox/wp-content/uploads/2022/09/recruiter-4.svg]
[jthemes.com/themes/wp/jobbox/wp-content/uploads/2022/09/recruiter-12.svg]
[jthemes.com/themes/wp/jobbox/wp-content/uploads/2022/09/recruiter-9.svg]
[jthemes.com/themes/wp/jobbox/indexe9ef.html]
[jthemes.com/themes/wp/jobbox/wp-content/uploads/2022/09/recruiter-7.svg]
[jthemes.com/themes/wp/jobbox/wp-content/uploads/2022/09/recruiter-1.svg]
[jthemes.com/themes/wp/jobbox/index6af5.html]
[jthemes.com/themes/wp/jobbox/indexd0cd.html]
[jthemes.com/themes/wp/jobbox/index92bf.html]
[jthemes.com/themes/wp/jobbox/wp-content/uploads/2022/09/recruiter-10.svg]
[jthemes.com/themes/wp/jobbox/wp-content/uploads/2023/03/Card.png]
[jthemes.com/themes/wp/jobbox/wp-content/uploads/2023/03/Medium_Safety.png]
[jthemes.com/themes/wp/jobbox/index0f88.html]
[jthemes.com/themes/wp/jobbox/indexdc51.html]
[jthemes.com/themes/wp/jobbox/index8b7b.html]
[jthemes.com/themes/wp/jobbox/wp-content/uploads/2023/03/about-center.png]
[jthemes.com/themes/wp/jobbox/wp-content/uploads/2022/09/recruiter-2.svg]
[jthemes.com/themes/wp/jobbox/wp-content/themes/jobbox/assets/imgs/template/icons/star.svg]
[jthemes.com/themes/wp/jobbox/company/fireworks/index.html]
[jthemes.com/themes/wp/jobbox/wp-content/uploads/2022/09/recruiter-3-1.svg]
[jthemes.com/themes/wp/jobbox/company/dailymotion/index.html]
[jthemes.com/themes/wp/jobbox/wp-content/uploads/2022/09/recruiter-2-1.svg]
[jthemes.com/themes/wp/jobbox/company/callaway-golf-2/index.html]
[jthemes.com/themes/wp/jobbox/company/baseball-savings/index.html]
[jthemes.com/themes/wp/jobbox/company/wanderu-2/index.html]
[jthemes.com/themes/wp/jobbox/company/carols-daughter/index.html]
[jthemes.com/themes/wp/jobbox/company/bing-search/index.html]
[jthemes.com/themes/wp/jobbox/wp-content/uploads/2022/09/recruiter-6.svg]
[jthemes.com/themes/wp/jobbox/company/percepta-2/index.html]
[jthemes.com/themes/wp/jobbox/company/tesla/index.html]
[jthemes.com/themes/wp/jobbox/company/car-toys-3/index.html]
[jthemes.com/themes/wp/jobbox/company/amazon-2/index.html]
[jthemes.com/themes/wp/jobbox/wp-content/uploads/2023/03/denmark.svg]
[jthemes.com/themes/wp/jobbox/company/linkedin/index.html]
[jthemes.com/themes/wp/jobbox/company/ashford-2/index.html]
[jthemes.com/themes/wp/jobbox/company/exela-movers/index.html]
[jthemes.com/themes/wp/jobbox/wp-content/uploads/2023/03/france.svg]
[jthemes.com/themes/wp/jobbox/wp-content/uploads/2023/03/germany.svg]
[jthemes.com/themes/wp/jobbox/company/ibotta-inc/index.html]
[jthemes.com/themes/wp/jobbox/jobs/index1ccd.html]
[jthemes.com/themes/wp/jobbox/jobs/index294f.html]
[jthemes.com/themes/wp/jobbox/jobs/index51c7.html]
[jthemes.com/themes/wp/jobbox/wp-content/uploads/2023/03/holland.svg]
[jthemes.com/themes/wp/jobbox/jobs/indexc15f.html]
[jthemes.com/themes/wp/jobbox/wp-content/uploads/2023/03/london.svg]
[jthemes.com/themes/wp/jobbox/jobs/indexae07.html]
[jthemes.com/themes/wp/jobbox/wp-content/uploads/2023/03/usa.svg]
[jthemes.com/themes/wp/jobbox/wp-content/uploads/2023/03/img-big2-403x257.png]
[jthemes.com/themes/wp/jobbox/jobs/indexeb63.html]
[jthemes.com/themes/wp/jobbox/wp-content/uploads/2023/03/img-big3-403x257.png]
[jthemes.com/themes/wp/jobbox/recruiter-and-land-your-dream-job/index.html]
[jthemes.com/themes/wp/jobbox/category/job-tips/index.html]
[jthemes.com/themes/wp/jobbox/wp-content/uploads/2022/03/img-big1-403x257.png]
[jthemes.com/themes/wp/jobbox/wp-content/uploads/2022/07/img-single-403x257.png]
[jthemes.com/themes/wp/jobbox/21-job-interview-tips-how-to-make-a-great-impression/index.html]
[jthemes.com/themes/wp/jobbox/category/events/index.html]
[jthemes.com/themes/wp/jobbox/email-examples-how-to-respond-to-employer-interview-requests-2/index.html]
[jthemes.com/themes/wp/jobbox/wp-content/uploads/2022/09/img8-403x257.png]
[jthemes.com/themes/wp/jobbox/15-important-tips-how-to-write-organized-resume/index.html]
[jthemes.com/themes/wp/jobbox/21-job-interview-tips-how-to-make-a-great-impression-2/index.html]
[jthemes.com/themes/wp/jobbox/wp-content/uploads/2022/05/img3-403x257.png]
[jthemes.com/themes/wp/jobbox/wp-content/uploads/2022/04/img4-403x257.png]
[jthemes.com/themes/wp/jobbox/wp-content/uploads/2023/03/newsletter-left.png]
[jthemes.com/themes/wp/jobbox/email-examples-how-to-respond-to-employer-interview-requests/index.html]
[jthemes.com/themes/wp/jobbox/wp-content/uploads/2023/03/newsletter-right.png]
[jthemes.com/themes/wp/jobbox/wp-content/uploads/2023/03/jobhub-logo.svg]
[jthemes.com/themes/wp/jobbox/wp-content/uploads/2023/03/app-store.svg]
[jthemes.com/themes/wp/jobbox/how-to-write-an-application-letter-with-examples/index.html]
[jthemes.com/themes/wp/jobbox/wp-content/uploads/2023/03/google-play.svg]
[jthemes.com/themes/wp/jobbox/home/customer/www/jthemes.com/public_html/themes/wp/jobbox/wp-content/plugins/control-user-profileassets/user-profile8a54.css]
[jthemes.com/themes/wp/jobbox/my-account/lost-password/index.html]
[jthemes.com/themes/wp/jobbox/wp-admin/css/color-picker.mine35d.css]
[jthemes.com/themes/wp/jobbox/wp-content/plugins/control-block-patterns/assets/css/ctrlbp-admin.min4f18.css]
[jthemes.com/themes/wp/jobbox/wp-content/plugins/contact-form-7/includes/swv/js/indexf658.js]
[jthemes.com/themes/wp/jobbox/wp-content/plugins/contact-form-7/includes/js/indexf658.js]
[jthemes.com/themes/wp/jobbox/wp-content/plugins/control-job-manager/assets/js/bootstrap.bundle.minf08a.js]
[jthemes.com/themes/wp/jobbox/wp-includes/js/jquery/ui/core.min3f14.js]
[jthemes.com/themes/wp/jobbox/wp-includes/js/jquery/ui/menu.min3f14.js]
[jthemes.com/themes/wp/jobbox/wp-includes/js/dist/vendor/wp-polyfill-inert.min0226.js]
[jthemes.com/themes/wp/jobbox/wp-includes/js/dist/vendor/regenerator-runtime.min8fa4.js]
[jthemes.com/themes/wp/jobbox/wp-includes/js/dist/vendor/wp-polyfill.min2c7c.js]
[jthemes.com/themes/wp/jobbox/wp-includes/js/dist/dom-ready.minded6.js]
[jthemes.com/themes/wp/jobbox/wp-includes/js/dist/hooks.min2ebd.js]
[jthemes.com/themes/wp/jobbox/wp-includes/js/dist/i18n.minf92f.js]
[jthemes.com/themes/wp/jobbox/wp-includes/js/dist/a11y.min866e.js]
[jthemes.com/themes/wp/jobbox/wp-includes/js/jquery/ui/autocomplete.min3f14.js]
[jthemes.com/themes/wp/jobbox/wp-content/plugins/control-job-manager/assets/js/control-job-manager5a2c.js]
[jthemes.com/themes/wp/jobbox/wp-content/plugins/control-job-manager/vendor/bookmarks/assets/dist/js/bookmark5a2c.js]
[jthemes.com/themes/wp/jobbox/wp-content/plugins/control-job-manager/vendor/tags/assets/dist/js/tag-filter5a2c.js]
[jthemes.com/themes/wp/jobbox/wp-content/plugins/woocommerce/assets/js/jquery-blockui/jquery.blockUI.minf0ea.js]
[jthemes.com/themes/wp/jobbox/wp-content/plugins/woocommerce/assets/js/frontend/add-to-cart.min2632.js]
[jthemes.com/themes/wp/jobbox/wp-content/plugins/woocommerce/assets/js/js-cookie/js.cookie.mine1a3.js]
[jthemes.com/themes/wp/jobbox/wp-content/plugins/woocommerce/assets/js/frontend/woocommerce.min2632.js]
[jthemes.com/themes/wp/jobbox/wp-content/themes/jobbox/assets/js/vendor/modernizr-3.6.0.minaf6c.js]
[jthemes.com/themes/wp/jobbox/wp-content/themes/jobbox/assets/js/plugins/waypointsbb93.js]
[jthemes.com/themes/wp/jobbox/wp-content/themes/jobbox/assets/js/plugins/counterup5152.js]
[jthemes.com/themes/wp/jobbox/wp-content/themes/jobbox/assets/js/plugins/wowbb93.js]
[jthemes.com/themes/wp/jobbox/wp-content/themes/jobbox/assets/js/plugins/magnific-popupbb93.js]
[jthemes.com/themes/wp/jobbox/wp-content/themes/jobbox/assets/js/plugins/perfect-scrollbar.minbb93.js]
[jthemes.com/themes/wp/jobbox/wp-content/plugins/woocommerce/assets/js/select2/select2.full.min9515.js]
[jthemes.com/themes/wp/jobbox/wp-content/themes/jobbox/assets/js/plugins/isotopebb93.js]
[jthemes.com/themes/wp/jobbox/wp-content/themes/jobbox/assets/js/plugins/scrollupbb93.js]
[jthemes.com/themes/wp/jobbox/wp-content/themes/jobbox/assets/js/plugins/swiper-bundle.minbb93.js]
[jthemes.com/themes/wp/jobbox/wp-includes/js/imagesloaded.mineda1.js]
[jthemes.com/themes/wp/jobbox/wp-includes/js/masonry.min3a05.js]
[jthemes.com/themes/wp/jobbox/wp-includes/js/jquery/jquery.masonry.minef70.js]
[jthemes.com/themes/wp/jobbox/wp-content/themes/jobbox/assets/js/mainbb93.js]
[jthemes.com/themes/wp/jobbox/wp-content/plugins/elementor/assets/lib/jquery-numerator/jquery-numerator.min3958.js]
[jthemes.com/themes/wp/jobbox/wp-content/plugins/control-email-subscriber/jquery.ajaxchimp.min6f3e.js]
[jthemes.com/themes/wp/jobbox/wp-content/plugins/control-email-subscriber/jquery.ajaxchimp.langs.min6f3e.js]
[jthemes.com/themes/wp/jobbox/wp-content/plugins/control-email-subscriber/scripts8a54.js]
[jthemes.com/themes/wp/jobbox/wp-includes/js/zxcvbn-async.min5152.js]
[jthemes.com/themes/wp/jobbox/wp-admin/js/password-strength-meter.mine35d.js]
[jthemes.com/themes/wp/jobbox/home/customer/www/jthemes.com/public_html/themes/wp/jobbox/wp-content/plugins/control-user-profileassets/user-profile8a54.js]
[jthemes.com/themes/wp/jobbox/wp-content/plugins/control-block-patterns/assets/js/script4f18.js]
[jthemes.com/themes/wp/jobbox/wp-content/plugins/control-block-patterns/assets/js/validation.min4f18.js]
[jthemes.com/themes/wp/jobbox/wp-content/plugins/control-block-patterns/assets/js/tabs5a2c.js]
[jthemes.com/themes/wp/jobbox/wp-content/plugins/control-block-patterns/assets/js/input-list4f18.js]
[jthemes.com/themes/wp/jobbox/wp-content/plugins/elementor/assets/js/webpack.runtime.min33f1.js]
[jthemes.com/themes/wp/jobbox/wp-content/plugins/elementor/assets/js/frontend-modules.min33f1.js]
[jthemes.com/themes/wp/jobbox/wp-content/plugins/elementor/assets/lib/waypoints/waypoints.min05da.js]
[jthemes.com/themes/wp/jobbox/index.html]
[jthemes.com/themes/wp/jobbox/wp-includes/css/dist/block-library/style.mine35d.css]
[jthemes.com/themes/wp/jobbox/feed/index.html]
[jthemes.com/themes/wp/jobbox/wp-content/plugins/elementor/assets/js/frontend.min33f1.js]
[jthemes.com/themes/wp/jobbox/wp-content/plugins/control-job-manager/vendor/tags/assets/dist/css/frontend5a2c.css]
[jthemes.com/themes/wp/jobbox/wp-content/plugins/control-job-manager/vendor/application-deadline/assets/dist/css/frontend5a2c.css]
[jthemes.com/themes/wp/jobbox/wp-content/plugins/contact-form-7/includes/css/stylesf658.css]
[jthemes.com/themes/wp/jobbox/wp-content/plugins/control-job-manager/vendor/bookmarks/assets/dist/css/frontend5a2c.css]
[jthemes.com/themes/wp/jobbox/comments/feed/index.html]
[code.jquery.com/ui/1.13.2/themes/smoothness/images/ui-bg_glass_75_e6e6e6_1x400.png]
[code.jquery.com/ui/1.13.2/themes/smoothness/images/ui-bg_glass_75_dadada_1x400.png]
[code.jquery.com/ui/1.13.2/themes/smoothness/images/ui-bg_glass_65_ffffff_1x400.png]
[code.jquery.com/ui/1.13.2/themes/smoothness/images/ui-bg_glass_55_fbf9ee_1x400.png]
[code.jquery.com/ui/1.13.2/themes/smoothness/images/ui-bg_glass_95_fef1ec_1x400.png]
[code.jquery.com/ui/1.13.2/themes/smoothness/images/ui-icons_222222_256x240.png]
[code.jquery.com/ui/1.13.2/themes/smoothness/images/ui-icons_454545_256x240.png]
[code.jquery.com/ui/1.13.2/themes/smoothness/images/ui-icons_2e83ff_256x240.png]
[code.jquery.com/ui/1.13.2/themes/smoothness/images/ui-icons_cd0a0a_256x240.png]
[code.jquery.com/ui/1.13.2/themes/smoothness/images/ui-icons_888888_256x240.png]
[code.jquery.com/ui/1.13.2/themes/smoothness/jquery-ui.min3f14.css]
[jthemes.com/themes/wp/jobbox/wp-content/themes/jobbox/assets/css/vendors/normalizefd24.css]
[jthemes.com/themes/wp/jobbox/wp-content/themes/jobbox/assets/css/bootstrap/bootstrapbb49.css]
[jthemes.com/themes/wp/jobbox/wp-content/plugins/wp-job-manager/assets/dist/css/job-listings7d5b.css]
[jthemes.com/themes/wp/jobbox/wp-content/themes/jobbox/assets/fonts/uicons/uicons-regular-rounded.eot]
[jthemes.com/themes/wp/jobbox/wp-content/themes/jobbox/assets/css/vendors/uicons-regular-rounded8a54.css]
[jthemes.com/themes/wp/jobbox/wp-content/themes/jobbox/assets/fonts/fa-brands-400.woff2]
[jthemes.com/themes/wp/jobbox/wp-content/themes/jobbox/assets/fonts/fa-regular-400.woff2]
[jthemes.com/themes/wp/jobbox/wp-content/themes/jobbox/assets/fonts/fa-brands-400.ttf]
[jthemes.com/themes/wp/jobbox/wp-content/themes/jobbox/assets/fonts/fa-solid-900.ttf]
[jthemes.com/themes/wp/jobbox/wp-content/themes/jobbox/assets/css/all.min10df.css]
[jthemes.com/themes/wp/jobbox/wp-content/themes/jobbox/assets/css/plugins/swiper-bundle.min5d50.css]
[jthemes.com/themes/wp/jobbox/wp-content/themes/jobbox/assets/css/plugins/magnific-popupf488.css]
[jthemes.com/themes/wp/jobbox/wp-content/themes/jobbox/assets/css/plugins/select2.min8a54.css]
[jthemes.com/themes/wp/jobbox/wp-content/themes/jobbox/assets/css/plugins/perfect-scrollbar8a54.css]
[jthemes.com/themes/wp/jobbox/wp-content/themes/jobbox/assets/css/plugins/animate.min49eb.css]
[jthemes.com/themes/wp/jobbox/wp-content/themes/jobbox/assets/css/theme8a54.css]
[jthemes.com/themes/wp/jobbox/wp-content/themes/jobbox/assets/imgs/page/about/facebook.svg]
[jthemes.com/themes/wp/jobbox/wp-content/themes/jobbox/assets/imgs/page/about/twitter.svg]
[jthemes.com/themes/wp/jobbox/wp-content/themes/jobbox/assets/imgs/page/about/instagram.svg]
[jthemes.com/themes/wp/jobbox/wp-content/themes/jobbox/assets/imgs/page/about/linkedin.svg]
[jthemes.com/themes/wp/jobbox/wp-content/themes/jobbox/assets/imgs/template/icons/apply.svg]
[jthemes.com/themes/wp/jobbox/wp-content/themes/jobbox/assets/imgs/template/icons/call.svg]
[jthemes.com/themes/wp/jobbox/wp-content/themes/jobbox/assets/imgs/template/icons/icon-download.svg]
[jthemes.com/themes/wp/jobbox/wp-content/themes/jobbox/assets/imgs/template/icons/icon-load.svg]
[jthemes.com/themes/wp/jobbox/wp-content/themes/jobbox/assets/imgs/page/company/icon-email.svg]
[jthemes.com/themes/wp/jobbox/wp-content/themes/jobbox/assets/imgs/page/homepage2/arrow-right.svg]
[jthemes.com/themes/wp/jobbox/wp-content/themes/jobbox/assets/imgs/template/icons/icon-more.svg]
[jthemes.com/themes/wp/jobbox/wp-content/themes/jobbox/assets/imgs/template/icons/tick.svg]
[jthemes.com/themes/wp/jobbox/wp-content/themes/jobbox/assets/imgs/template/bg-1.svg]
[jthemes.com/themes/wp/jobbox/wp-content/themes/jobbox/assets/imgs/slider/swiper/next.svg]
[jthemes.com/themes/wp/jobbox/wp-content/themes/jobbox/assets/imgs/slider/swiper/next-active.svg]
[jthemes.com/themes/wp/jobbox/wp-content/themes/jobbox/assets/imgs/slider/swiper/prev.svg]
[jthemes.com/themes/wp/jobbox/wp-content/themes/jobbox/assets/imgs/slider/swiper/prev-active.svg]
[jthemes.com/themes/wp/jobbox/wp-content/themes/jobbox/assets/imgs/template/icons/time.svg]
[jthemes.com/themes/wp/jobbox/wp-content/themes/jobbox/assets/imgs/template/icons/briefcase.svg]
[jthemes.com/themes/wp/jobbox/wp-content/themes/jobbox/assets/imgs/template/icons/location.svg]
[jthemes.com/themes/wp/jobbox/wp-content/themes/jobbox/assets/imgs/template/icons/flash.svg]
[jthemes.com/themes/wp/jobbox/wp-content/themes/jobbox/assets/imgs/page/blog/img-big1.png]
[jthemes.com/themes/wp/jobbox/wp-content/themes/jobbox/assets/imgs/page/blog/picture-icon.svg]
[jthemes.com/themes/wp/jobbox/wp-content/themes/jobbox/assets/imgs/page/blog/bg-black-trans.png]
[jthemes.com/themes/wp/jobbox/wp-content/themes/jobbox/assets/imgs/page/about/arrow.png]
[jthemes.com/themes/wp/jobbox/wp-content/themes/jobbox/assets/imgs/template/icons/arrow-right.svg]
[jthemes.com/themes/wp/jobbox/wp-content/themes/jobbox/assets/imgs/template/bg-newsletter.svg]
[jthemes.com/themes/wp/jobbox/wp-content/themes/jobbox/assets/imgs/template/email.svg]
[jthemes.com/themes/wp/jobbox/wp-content/themes/jobbox/assets/imgs/page/blog/bg-breadcrumb.png]
[jthemes.com/themes/wp/jobbox/wp-content/themes/jobbox/assets/imgs/template/icons/arrow-breadcrumb.svg]
[jthemes.com/themes/wp/jobbox/wp-content/themes/jobbox/assets/imgs/page/blog/home.svg]
[jthemes.com/themes/wp/jobbox/wp-content/themes/jobbox/assets/imgs/page/homepage1/search-icon.svg]
[jthemes.com/themes/wp/jobbox/wp-content/themes/jobbox/assets/imgs/template/icons/industry.svg]
[jthemes.com/themes/wp/jobbox/wp-content/themes/jobbox/assets/imgs/page/homepage1/key-numbers.svg]
[jthemes.com/themes/wp/jobbox/wp-content/themes/jobbox/assets/imgs/template/icons/icon-job.svg]
[jthemes.com/themes/wp/jobbox/wp-content/themes/jobbox/assets/imgs/page/job-single/right-job-head.svg]
[jthemes.com/themes/wp/jobbox/wp-content/themes/jobbox/assets/imgs/page/job-single/left-job-head.svg]
[jthemes.com/themes/wp/jobbox/wp-content/themes/jobbox/assets/imgs/page/homepage2/banner.png]
[jthemes.com/themes/wp/jobbox/wp-content/themes/jobbox/assets/imgs/template/icons/facebook.svg]
[jthemes.com/themes/wp/jobbox/wp-content/themes/jobbox/assets/imgs/template/icons/twitter.svg]
[jthemes.com/themes/wp/jobbox/wp-content/themes/jobbox/assets/imgs/template/icons/linkedin.svg]
[jthemes.com/themes/wp/jobbox/wp-content/themes/jobbox/assets/imgs/template/icons/go-top.svg]
[jthemes.com/themes/wp/jobbox/wp-content/themes/jobbox/assets/imgs/template/icons/check-circle.svg]
[jthemes.com/themes/wp/jobbox/wp-content/themes/jobbox/assets/imgs/page/about/bg-black-trans.png]
[jthemes.com/themes/wp/jobbox/wp-content/themes/jobbox/assets/imgs/template/icons/page-prev.svg]
[jthemes.com/themes/wp/jobbox/wp-content/themes/jobbox/assets/imgs/template/icons/page-prev-hover.svg]
[jthemes.com/themes/wp/jobbox/wp-content/themes/jobbox/assets/imgs/template/icons/page-next.svg]
[jthemes.com/themes/wp/jobbox/wp-content/themes/jobbox/assets/imgs/template/icons/page-next-hover.svg]
[jthemes.com/themes/wp/jobbox/wp-content/themes/jobbox/assets/imgs/page/company/bg-hiring.svg]
[jthemes.com/themes/wp/jobbox/wp-content/themes/jobbox/assets/imgs/page/company/bg-hiring-right.svg]
[jthemes.com/themes/wp/jobbox/wp-content/themes/jobbox/assets/imgs/page/company/icon-about.svg]
[jthemes.com/themes/wp/jobbox/wp-content/themes/jobbox/assets/imgs/page/company/icon-about-hover.svg]
[jthemes.com/themes/wp/jobbox/wp-content/themes/jobbox/assets/imgs/page/company/icon-recruitment.svg]
[jthemes.com/themes/wp/jobbox/wp-content/themes/jobbox/assets/imgs/page/company/icon-recruitment-hover.svg]
[jthemes.com/themes/wp/jobbox/wp-content/themes/jobbox/assets/imgs/page/company/icon-people.svg]
[jthemes.com/themes/wp/jobbox/wp-content/themes/jobbox/assets/imgs/page/company/icon-people-hover.svg]
[jthemes.com/themes/wp/jobbox/wp-content/themes/jobbox/assets/imgs/page/candidates/search.svg]
[jthemes.com/themes/wp/jobbox/wp-content/themes/jobbox/assets/imgs/page/candidates/close.svg]
[jthemes.com/themes/wp/jobbox/wp-content/themes/jobbox/assets/imgs/page/candidates/info.svg]
[jthemes.com/themes/wp/jobbox/wp-content/themes/jobbox/assets/imgs/page/candidates/editor.svg]
[jthemes.com/themes/wp/jobbox/wp-content/themes/jobbox/assets/imgs/page/homepage1/bg-banner.svg]
[jthemes.com/themes/wp/jobbox/wp-content/themes/jobbox/assets/imgs/page/homepage1/bg-left-hiring.svg]
[jthemes.com/themes/wp/jobbox/wp-content/themes/jobbox/assets/imgs/page/homepage1/bg-right-hiring.svg]
[jthemes.com/themes/wp/jobbox/wp-content/themes/jobbox/assets/css/style8a54.css]
[jthemes.com/themes/wp/jobbox/wp-content/themes/jobbox/assets/imgs/page/homepage3/check-box.svg]
[jthemes.com/themes/wp/jobbox/wp-content/themes/jobbox/assets/fonts/star.eot]
[jthemes.com/themes/wp/jobbox/wp-content/themes/jobbox/assets/fonts/stard41d.eot]
[jthemes.com/themes/wp/jobbox/wp-content/themes/jobbox/assets/fonts/star.woff]
[jthemes.com/themes/wp/jobbox/wp-content/themes/jobbox/assets/fonts/star.ttf]
[jthemes.com/themes/wp/jobbox/wp-content/themes/jobbox/assets/css/woocommerce7359.css]
[jthemes.com/themes/wp/jobbox/wp-content/themes/jobbox/assets/css/wp-job-manager7359.css]
[jthemes.com/themes/wp/jobbox/wp-content/themes/jobbox/stylee35d.css]
[jthemes.com/themes/wp/jobbox/wp-content/plugins/control-elementor/assets/css/control-elementor8a54.css]
[jthemes.com/themes/wp/jobbox/wp-content/themes/jobbox/assets/fonts/star.svg]
[jthemes.com/themes/wp/jobbox/wp-content/plugins/elementor/assets/lib/eicons/fonts/eicons9506.eot]
[jthemes.com/themes/wp/jobbox/wp-content/plugins/elementor/assets/lib/eicons/fonts/eicons9506.woff2]
[jthemes.com/themes/wp/jobbox/wp-content/plugins/elementor/assets/lib/eicons/css/elementor-icons.min192d.css]
[jthemes.com/themes/wp/jobbox/wp-content/plugins/elementor/assets/css/frontend-lite.min33f1.css]
[jthemes.com/themes/wp/jobbox/wp-content/plugins/elementor/assets/lib/swiper/css/swiper.min48f5.css]
[jthemes.com/themes/wp/jobbox/wp-content/uploads/elementor/css/post-2295f34a.css]
[jthemes.com/themes/wp/jobbox/wp-content/uploads/elementor/css/globald33d.css]
[jthemes.com/themes/wp/jobbox/wp-content/uploads/elementor/css/post-97b900.css]
[jthemes.com/themes/wp/jobbox/wp-content/plugins/control-block-patterns/assets/css/control-block-patterns4f18.css]
[jthemes.com/themes/wp/jobbox/wp-content/themes/jobbox/assets/imgs/template/jobhub-logo.svg]
[jthemes.com/themes/wp/jobbox/wp-content/plugins/elementor/assets/lib/eicons/fonts/eicons9506.svg]
[jthemes.com/themes/wp/jobbox/wp-json/wp/v2/pages/1323.json]
[jthemes.com/themes/wp/jobbox/wp-json/oembed/1.0/embed1db3]
[jthemes.com/themes/wp/jobbox/wp-content/uploads/2022/09/img5.png]
[jthemes.com/themes/wp/jobbox/wp-content/uploads/2022/05/img3.png]
[jthemes.com/themes/wp/jobbox/wp-content/uploads/2022/09/img8.png]
[jthemes.com/themes/wp/jobbox/home-2/index.html]
[jthemes.com/themes/wp/jobbox/home-3/index.html]
[jthemes.com/themes/wp/jobbox/wp-json/wp/v2/pages/1349.json]
[jthemes.com/themes/wp/jobbox/wp-json/oembed/1.0/embed4941.json]
[jthemes.com/themes/wp/jobbox/wp-json/oembed/1.0/embedba67]
[jthemes.com/themes/wp/jobbox/wp-content/uploads/2023/03/hero-home4.png]
[jthemes.com/themes/wp/jobbox/home-4/index.html]
[jthemes.com/themes/wp/jobbox/wp-content/uploads/elementor/css/post-13731998.css]
[jthemes.com/themes/wp/jobbox/wp-json/wp/v2/pages/1373.json]
[jthemes.com/themes/wp/jobbox/wp-json/oembed/1.0/embed94d3.json]
[jthemes.com/themes/wp/jobbox/wp-json/oembed/1.0/embed36f5]
[jthemes.com/themes/wp/jobbox/wp-content/uploads/2023/03/Brand-2.png]
[jthemes.com/themes/wp/jobbox/wp-content/uploads/2023/03/Brand-10.png]
[jthemes.com/themes/wp/jobbox/wp-content/uploads/2023/03/Brand-11.png]
[jthemes.com/themes/wp/jobbox/wp-content/uploads/2023/03/Brand-4.png]
[jthemes.com/themes/wp/jobbox/wp-content/uploads/2023/03/Brand-5.png]
[jthemes.com/themes/wp/jobbox/wp-content/uploads/2023/03/Brand-6.png]
[jthemes.com/themes/wp/jobbox/wp-content/uploads/2023/03/Brand-7.png]
[jthemes.com/themes/wp/jobbox/wp-content/uploads/2023/03/Brand-3.png]
[jthemes.com/themes/wp/jobbox/wp-content/uploads/2023/03/Brand-8.png]
[jthemes.com/themes/wp/jobbox/home-5/index.html]
[jthemes.com/themes/wp/jobbox/wp-content/uploads/elementor/css/post-140274bb.css]
[jthemes.com/themes/wp/jobbox/wp-json/wp/v2/pages/1402.json]
[jthemes.com/themes/wp/jobbox/wp-json/oembed/1.0/embed3a69.json]
[jthemes.com/themes/wp/jobbox/home-6/index.html]
[jthemes.com/themes/wp/jobbox/wp-json/oembed/1.0/embed0fac]
[jthemes.com/themes/wp/jobbox/wp-content/plugins/wp-job-manager/assets/dist/css/frontend6fb1.css]
[jthemes.com/themes/wp/jobbox/wp-json/wp/v2/pages/143.json]
[jthemes.com/themes/wp/jobbox/wp-json/oembed/1.0/embedb2eb.json]
[jthemes.com/themes/wp/jobbox/wp-json/oembed/1.0/embede917]
[jthemes.com/themes/wp/jobbox/wp-content/plugins/wp-job-manager/assets/lib/jquery-deserialize/jquery.deserialize1576.js]
[jthemes.com/themes/wp/jobbox/jobs/index.html]
[jthemes.com/themes/wp/jobbox/wp-content/plugins/wp-job-manager/assets/dist/js/ajax-filters31d4.js]
[jthemes.com/themes/wp/jobbox/wp-json/wp/v2/job-listings/527.json]
[jthemes.com/themes/wp/jobbox/wp-json/oembed/1.0/embeda1c9.json]
[www.google.com/recaptcha/apib049.js]
[jthemes.com/themes/wp/jobbox/wp-includes/js/jquery/ui/mouse.min3f14.js]
[jthemes.com/themes/wp/jobbox/job/full-stack-engineer-3/index.html]
[jthemes.com/themes/wp/jobbox/wp-content/plugins/control-block-patterns/assets/js/file4f18.js]
[jthemes.com/themes/wp/jobbox/wp-json/oembed/1.0/embed655a.json]
[jthemes.com/themes/wp/jobbox/job-dashboard/index.html]
[jthemes.com/themes/wp/jobbox/recruiters/index437c.html]
[jthemes.com/themes/wp/jobbox/recruiters/index0f3e.html]
[jthemes.com/themes/wp/jobbox/recruiters/index96b7.html]
[jthemes.com/themes/wp/jobbox/recruiters/indexb356.html]
[jthemes.com/themes/wp/jobbox/recruiters/indexd82b.html]
[jthemes.com/themes/wp/jobbox/recruiters/indexefc3.html]
[jthemes.com/themes/wp/jobbox/recruiters/indexfa6a.html]
[jthemes.com/themes/wp/jobbox/wp-content/uploads/2022/09/recruiter-3.svg]
[jthemes.com/themes/wp/jobbox/recruiters/indexa724.html]
[jthemes.com/themes/wp/jobbox/recruiters/index.html]
[jthemes.com/themes/wp/jobbox/recruiters/indexbf40.html]
[jthemes.com/themes/wp/jobbox/recruiters/indexa644.html]
[jthemes.com/themes/wp/jobbox/recruiters/page/2/index.html]
[jthemes.com/themes/wp/jobbox/company/aceable-inc/index.html]
[jthemes.com/themes/wp/jobbox/candidates/index437c.html]
[jthemes.com/themes/wp/jobbox/candidates/index96b7.html]
[jthemes.com/themes/wp/jobbox/candidates/indexb356.html]
[jthemes.com/themes/wp/jobbox/candidates/indexd82b.html]
[jthemes.com/themes/wp/jobbox/candidates/index7005.html]
[jthemes.com/themes/wp/jobbox/candidates/indexedc1.html]
[jthemes.com/themes/wp/jobbox/candidates/indexf6fb.html]
[jthemes.com/themes/wp/jobbox/candidates/feed/index.html]
[jthemes.com/themes/wp/jobbox/candidates/indexbf40.html]
[jthemes.com/themes/wp/jobbox/candidate/cody-fisher/index.html]
[jthemes.com/themes/wp/jobbox/wp-content/uploads/2022/09/candidate-2.svg]
[jthemes.com/themes/wp/jobbox/wp-content/uploads/2022/09/candidate-3.svg]
[jthemes.com/themes/wp/jobbox/candidate/jerome-bell-2/index.html]
[jthemes.com/themes/wp/jobbox/wp-content/uploads/2022/09/candidate-4.svg]
[jthemes.com/themes/wp/jobbox/candidate/jane-cooper/index.html]
[jthemes.com/themes/wp/jobbox/wp-content/uploads/2022/09/candidate-5.svg]
[jthemes.com/themes/wp/jobbox/candidate/devon-lane/index.html]
[jthemes.com/themes/wp/jobbox/candidate/eleanor/index.html]
[jthemes.com/themes/wp/jobbox/wp-content/uploads/2022/09/candidate-6.svg]
[jthemes.com/themes/wp/jobbox/wp-content/uploads/2022/09/candidate-8.svg]
[jthemes.com/themes/wp/jobbox/candidate/theresa/index.html]
[jthemes.com/themes/wp/jobbox/wp-content/uploads/2022/09/candidate-9.svg]
[jthemes.com/themes/wp/jobbox/candidate/cameron/index.html]
[jthemes.com/themes/wp/jobbox/wp-content/uploads/2022/09/candidate-10.svg]
[jthemes.com/themes/wp/jobbox/candidate/jacob-jones/index.html]
[jthemes.com/themes/wp/jobbox/wp-content/uploads/2022/09/candidate-7.svg]
[jthemes.com/themes/wp/jobbox/candidate/court-henry/index.html]
[jthemes.com/themes/wp/jobbox/candidate/hawkins/index.html]
[jthemes.com/themes/wp/jobbox/candidate/howard/index.html]
[jthemes.com/themes/wp/jobbox/wp-content/uploads/2022/09/candidate-11.svg]
[jthemes.com/themes/wp/jobbox/wp-content/uploads/2022/09/candidate-14.svg]
[jthemes.com/themes/wp/jobbox/candidates/index.html]
[jthemes.com/themes/wp/jobbox/wp-content/uploads/2022/09/candidate-13.svg]
[jthemes.com/themes/wp/jobbox/wp-content/uploads/2022/09/candidate-15.svg]
[jthemes.com/themes/wp/jobbox/candidate/alexander/index.html]
[jthemes.com/themes/wp/jobbox/wp-json/oembed/1.0/embedb49f.json]
[jthemes.com/themes/wp/jobbox/wp-json/oembed/1.0/embed4b54]
[jthemes.com/themes/wp/jobbox/wp-content/uploads/2022/09/candidate-banner-1326x366.jpg]
[jthemes.com/themes/wp/jobbox/wp-content/uploads/2022/09/Resume-1.pdf]
[jthemes.com/themes/wp/jobbox/candidate/floyd-miles/index.html]
[jthemes.com/themes/wp/jobbox/wp-json/oembed/1.0/embedc394.json]
[jthemes.com/themes/wp/jobbox/wp-json/oembed/1.0/embedc24e]
[jthemes.com/themes/wp/jobbox/wp-content/uploads/2022/09/Resume.pdf]
[jthemes.com/themes/wp/jobbox/candidate/robert-fox-2/index.html]
[jthemes.com/themes/wp/jobbox/wp-content/uploads/2023/03/img-big2.png]
[jthemes.com/themes/wp/jobbox/wp-content/uploads/2023/03/img-big3.png]
[jthemes.com/themes/wp/jobbox/wp-content/uploads/2022/03/img-big1.png]
[jthemes.com/themes/wp/jobbox/wp-content/uploads/2023/03/img-big3-150x150.png]
[jthemes.com/themes/wp/jobbox/work-from-home-jobs-that-pay-well/index.html]
[jthemes.com/themes/wp/jobbox/wp-content/uploads/2023/03/img-big2-150x150.png]
[jthemes.com/themes/wp/jobbox/blog/page/2/index.html]
[jthemes.com/themes/wp/jobbox/wp-content/uploads/2022/03/img-big1-150x150.png]
[jthemes.com/themes/wp/jobbox/wp-content/uploads/2022/07/img-single-150x150.png]
[jthemes.com/themes/wp/jobbox/wp-content/uploads/2023/03/gallery-1.png]
[jthemes.com/themes/wp/jobbox/wp-content/uploads/2023/03/gallery-2.png]
[jthemes.com/themes/wp/jobbox/wp-content/uploads/2023/03/gallery-3.png]
[jthemes.com/themes/wp/jobbox/wp-content/uploads/2023/03/gallery-4.png]
[jthemes.com/themes/wp/jobbox/wp-content/uploads/2023/03/gallery-5.png]
[jthemes.com/themes/wp/jobbox/wp-content/uploads/2023/03/gallery-6.png]
[jthemes.com/themes/wp/jobbox/wp-content/uploads/2023/03/gallery-7.png]
[jthemes.com/themes/wp/jobbox/wp-content/uploads/2023/03/gallery-8.png]
[jthemes.com/themes/wp/jobbox/wp-content/uploads/2023/03/gallery-9.png]
[jthemes.com/themes/wp/jobbox/blog/index.html]
[jthemes.com/themes/wp/jobbox/wp-json/wp/v2/posts/26.json]
[jthemes.com/themes/wp/jobbox/how-to-write-an-application-letter-with-examples-2/feed/index.html]
[jthemes.com/themes/wp/jobbox/wp-json/oembed/1.0/embeda03d.json]
[jthemes.com/themes/wp/jobbox/wp-json/oembed/1.0/embedc9f6]
[jthemes.com/themes/wp/jobbox/wp-content/uploads/2022/07/img-single.png]
[jthemes.com/themes/wp/jobbox/wp-content/themes/jobbox/assets/imgs/page/blog/calendar.svg]
[jthemes.com/themes/wp/jobbox/wp-content/uploads/2022/09/img-content-1024x456.png]
[jthemes.com/themes/wp/jobbox/how-to-write-an-application-letter-with-examples-2/index.html]
[jthemes.com/themes/wp/jobbox/wp-includes/js/comment-reply.mine35d.js]
[jthemes.com/themes/wp/jobbox/tag/beauty/index.html]
[jthemes.com/themes/wp/jobbox/tag/nature/index.html]
[jthemes.com/themes/wp/jobbox/tag/travel-tips/index.html]
[jthemes.com/themes/wp/jobbox/wp-content/uploads/elementor/css/post-121d33d.css]
[jthemes.com/themes/wp/jobbox/wp-json/wp/v2/pages/121.json]
[jthemes.com/themes/wp/jobbox/wp-json/oembed/1.0/embed1437.json]
[jthemes.com/themes/wp/jobbox/wp-json/oembed/1.0/embed8a03]
[jthemes.com/themes/wp/jobbox/about-us/_https_/jthemes.com/themes/wp/jobbox/wp-content/uploads/2023/03/img-about.png]
[jthemes.com/themes/wp/jobbox/wp-content/uploads/2023/03/about-image.png]
[jthemes.com/themes/wp/jobbox/wp-content/plugins/control-team/assets/images/star.svg]
[jthemes.com/themes/wp/jobbox/wp-content/plugins/control-team/assets/css/control-teamf269.css]
[jthemes.com/themes/wp/jobbox/about-us/index.html]
[jthemes.com/themes/wp/jobbox/wp-content/plugins/control-testimonials/assets/css/control-testimonials8a54.css]
[jthemes.com/themes/wp/jobbox/wp-content/uploads/elementor/css/post-127bb02.css]
[jthemes.com/themes/wp/jobbox/wp-json/wp/v2/pages/127.json]
[jthemes.com/themes/wp/jobbox/wp-json/oembed/1.0/embed9ff2.json]
[jthemes.com/themes/wp/jobbox/wp-json/oembed/1.0/embed1078]
[jthemes.com/themes/wp/jobbox/contact-us/_https_/jthemes.com/themes/wp/jobbox/wp-content/uploads/2023/03/img-about.png]
[jthemes.com/themes/wp/jobbox/wp-content/uploads/2023/03/contact-image.png]
[jthemes.com/themes/wp/jobbox/contact-us/index.html]
[jthemes.com/themes/wp/jobbox/wp-content/uploads/elementor/css/post-125ec02.css]
[jthemes.com/themes/wp/jobbox/wp-json/wp/v2/pages/125.json]
[jthemes.com/themes/wp/jobbox/wp-json/oembed/1.0/embedba3b.json]
[jthemes.com/themes/wp/jobbox/wp-json/oembed/1.0/embede0f5]
[jthemes.com/themes/wp/jobbox/wp-content/plugins/control-pricing-plans/assets/css/control-pricing-plans8a54.css]
[jthemes.com/themes/wp/jobbox/pricing-plan/index.html]
[jthemes.com/themes/wp/jobbox/wp-content/plugins/control-faqs/assets/css/control-faqs8a54.css]
[jthemes.com/themes/wp/jobbox/wp-content/uploads/woocommerce-placeholder.png]
[jthemes.com/themes/wp/jobbox/shop/index.html]
[jthemes.com/themes/wp/jobbox/wp-content/uploads/2023/03/bg-banner.svg]
[jthemes.com/themes/wp/jobbox/product/album/index.html]
[jthemes.com/themes/wp/jobbox/product/beanie/index.html]
[jthemes.com/themes/wp/jobbox/shop/index66fa.html]
[jthemes.com/themes/wp/jobbox/jobs/index42ee.html]
[jthemes.com/themes/wp/jobbox/shop/index5215.html]
[jthemes.com/themes/wp/jobbox/product/beanie-with-logo/index.html]
[jthemes.com/themes/wp/jobbox/jobs/index58e3.html]
[jthemes.com/themes/wp/jobbox/shop/indexedd1.html]
[jthemes.com/themes/wp/jobbox/product/belt/index.html]
[jthemes.com/themes/wp/jobbox/jobs/index0bfd.html]
[jthemes.com/themes/wp/jobbox/shop/indexa46f.html]
[jthemes.com/themes/wp/jobbox/product/cap/index.html]
[jthemes.com/themes/wp/jobbox/wp-content/uploads/2022/09/img-banner.html]
[jthemes.com/themes/wp/jobbox/shop/index45a2.html]
[jthemes.com/themes/wp/jobbox/wp-content/uploads/2023/03/content-writer.svg]
[jthemes.com/themes/wp/jobbox/product/hoodie/index.html]
[jthemes.com/themes/wp/jobbox/product/hoodie-with-logo/index.html]
[jthemes.com/themes/wp/jobbox/wp-content/uploads/2023/03/finance.svg]
[jthemes.com/themes/wp/jobbox/shop/index4fe3.html]
[jthemes.com/themes/wp/jobbox/product/hoodie-with-zipper/index.html]
[jthemes.com/themes/wp/jobbox/wp-content/uploads/2023/03/customer-service.svg]
[jthemes.com/themes/wp/jobbox/shop/indexbd81.html]
[jthemes.com/themes/wp/jobbox/product/logo-collection/index.html]
[jthemes.com/themes/wp/jobbox/wp-content/uploads/2023/03/management.svg]
[jthemes.com/themes/wp/jobbox/product/long-sleeve-tee/index.html]
[jthemes.com/themes/wp/jobbox/shop/indexfe55.html]
[jthemes.com/themes/wp/jobbox/jobs/indexe724.html]
[jthemes.com/themes/wp/jobbox/product/polo/index.html]
[jthemes.com/themes/wp/jobbox/shop/index0ba2.html]
[jthemes.com/themes/wp/jobbox/wp-content/uploads/2023/03/research.svg]
[jthemes.com/themes/wp/jobbox/product/single/index.html]
[jthemes.com/themes/wp/jobbox/shop/index5c86.html]
[jthemes.com/themes/wp/jobbox/jobs/index8162.html]
[jthemes.com/themes/wp/jobbox/shop/page/2/index.html]
[jthemes.com/themes/wp/jobbox/jobs/index5021.html]
[jthemes.com/themes/wp/jobbox/wp-content/uploads/2023/03/retail.svg]
[jthemes.com/themes/wp/jobbox/jobs/index0b02.html]
[jthemes.com/themes/wp/jobbox/jobs/index1e4d.html]
[jthemes.com/themes/wp/jobbox/shop/feed/index.html]
[jthemes.com/themes/wp/jobbox/wp-content/uploads/2023/03/sale.svg]
[jthemes.com/themes/wp/jobbox/wp-content/uploads/2023/03/marketing.svg]
[jthemes.com/themes/wp/jobbox/wp-content/uploads/2022/09/recruiter-8.svg]
[jthemes.com/themes/wp/jobbox/wp-json/wp/v2/job-listings/2394.json]
[jthemes.com/themes/wp/jobbox/wp-json/oembed/1.0/embed69f6]
[jthemes.com/themes/wp/jobbox/job/five-places-must-visit-in-turkey/index.html]
[jthemes.com/themes/wp/jobbox/candidate/skill/app/index.html]
[jthemes.com/themes/wp/jobbox/candidate/skill/figma/index.html]
[jthemes.com/themes/wp/jobbox/candidate/skill/psd/index.html]
[jthemes.com/themes/wp/jobbox/wp-content/uploads/2022/09/recruiter-13.svg]
[jthemes.com/themes/wp/jobbox/candidate/skill/adobe-xd/index.html]
[jthemes.com/themes/wp/jobbox/wp-content/uploads/2022/09/job-single3.svg]
[jthemes.com/themes/wp/jobbox/wp-content/uploads/2022/09/recruiter-5.svg]
[jthemes.com/themes/wp/jobbox/wp-json/wp/v2/job-listings/261.json]
[jthemes.com/themes/wp/jobbox/wp-json/oembed/1.0/embed.16b506e.delayed]
[jthemes.com/themes/wp/jobbox/wp-content/uploads/2022/07/thumb.png]
[jthemes.com/themes/wp/jobbox/index234b.html]
[jthemes.com/themes/wp/jobbox/wp-json/wp/v2/job-listings/260.json]
[jthemes.com/themes/wp/jobbox/index8e1b.html]
[jthemes.com/themes/wp/jobbox/wp-json/oembed/1.0/embed.170b0a6.delayed]
[jthemes.com/themes/wp/jobbox/indexd619.html]
[jthemes.com/themes/wp/jobbox/candidate/skill/digital/index.html]
[jthemes.com/themes/wp/jobbox/candidate/skill/java/index.html]
[jthemes.com/themes/wp/jobbox/wp-json/oembed/1.0/embed.172b088.delayed]
[jthemes.com/themes/wp/jobbox/indexc544.html]
[jthemes.com/themes/wp/jobbox/wp-json/oembed/1.0/embed5d87]
[jthemes.com/themes/wp/jobbox/indexf66c.html]
[jthemes.com/themes/wp/jobbox/wp-json/wp/v2/job-listings/246.json]
[jthemes.com/themes/wp/jobbox/wp-json/oembed/1.0/embeda9d0]
[jthemes.com/themes/wp/jobbox/index88a0.html]
[jthemes.com/themes/wp/jobbox/wp-json/oembed/1.0/embed8821]
[jthemes.com/themes/wp/jobbox/index7a07.html]
[jthemes.com/themes/wp/jobbox/wp-json/wp/v2/job-listings/255.json]
[jthemes.com/themes/wp/jobbox/index0c93.html]
[jthemes.com/themes/wp/jobbox/wp-json/oembed/1.0/embed8722]
[jthemes.com/themes/wp/jobbox/wp-json/oembed/1.0/embed108e]
[jthemes.com/themes/wp/jobbox/index89b9.html]
[jthemes.com/themes/wp/jobbox/candidate/skill/photoshop/index.html]
[jthemes.com/themes/wp/jobbox/wp-content/uploads/2022/09/recruiter-4.svg]
[jthemes.com/themes/wp/jobbox/wp-content/uploads/2022/09/recruiter-12.svg]
[jthemes.com/themes/wp/jobbox/index7823.html]
[jthemes.com/themes/wp/jobbox/wp-json/wp/v2/job-listings/253.json]
[jthemes.com/themes/wp/jobbox/index5ed0.html]
[jthemes.com/themes/wp/jobbox/wp-json/oembed/1.0/embed4a79]
[jthemes.com/themes/wp/jobbox/wp-json/oembed/1.0/embed6ff0]
[jthemes.com/themes/wp/jobbox/indexe9ef.html]
[jthemes.com/themes/wp/jobbox/wp-content/uploads/2022/09/recruiter-9.svg]
[jthemes.com/themes/wp/jobbox/wp-content/uploads/2022/09/recruiter-7.svg]
[jthemes.com/themes/wp/jobbox/index2636.html]
[jthemes.com/themes/wp/jobbox/wp-json/wp/v2/job-listings/239.json]
[jthemes.com/themes/wp/jobbox/wp-json/oembed/1.0/embed3f29]
[jthemes.com/themes/wp/jobbox/index1639.html]
[jthemes.com/themes/wp/jobbox/wp-json/oembed/1.0/embed400b]
[jthemes.com/themes/wp/jobbox/index6af5.html]
[jthemes.com/themes/wp/jobbox/wp-content/uploads/2022/09/recruiter-1.svg]
[jthemes.com/themes/wp/jobbox/wp-json/wp/v2/job-listings/237.json]
[jthemes.com/themes/wp/jobbox/wp-json/oembed/1.0/embedc0b6]
[jthemes.com/themes/wp/jobbox/index8a71.html]
[jthemes.com/themes/wp/jobbox/wp-json/oembed/1.0/embedec03]
[jthemes.com/themes/wp/jobbox/index92bf.html]
[jthemes.com/themes/wp/jobbox/wp-json/wp/v2/job-listings/526.json]
[jthemes.com/themes/wp/jobbox/wp-json/oembed/1.0/embed18b5]
[jthemes.com/themes/wp/jobbox/index6a35.html]
[jthemes.com/themes/wp/jobbox/wp-json/oembed/1.0/embed447d]
[jthemes.com/themes/wp/jobbox/indexd0cd.html]
[jthemes.com/themes/wp/jobbox/wp-content/uploads/2022/09/recruiter-10.svg]
[jthemes.com/themes/wp/jobbox/wp-json/wp/v2/job-listings/258.json]
[jthemes.com/themes/wp/jobbox/wp-json/oembed/1.0/embed9c1f]
[jthemes.com/themes/wp/jobbox/indexb773.html]
[jthemes.com/themes/wp/jobbox/wp-json/oembed/1.0/embed75ff]
[jthemes.com/themes/wp/jobbox/index0f88.html]
[jthemes.com/themes/wp/jobbox/wp-json/wp/v2/job-listings/256.json]
[jthemes.com/themes/wp/jobbox/wp-json/oembed/1.0/embed5b5a]
[jthemes.com/themes/wp/jobbox/index03bd.html]
[jthemes.com/themes/wp/jobbox/wp-json/oembed/1.0/embedaaa1]
[jthemes.com/themes/wp/jobbox/indexdc51.html]
[jthemes.com/themes/wp/jobbox/wp-json/wp/v2/job-listings/252.json]
[jthemes.com/themes/wp/jobbox/wp-json/oembed/1.0/embed8013]
[jthemes.com/themes/wp/jobbox/indexa943.html]
[jthemes.com/themes/wp/jobbox/wp-json/oembed/1.0/embed6702]
[jthemes.com/themes/wp/jobbox/index8b7b.html]
[jthemes.com/themes/wp/jobbox/wp-json/oembed/1.0/embed4ea8.json]
[jthemes.com/themes/wp/jobbox/company/fireworks/index.html]
[jthemes.com/themes/wp/jobbox/wp-content/uploads/2022/09/recruiter-2.svg]
[jthemes.com/themes/wp/jobbox/wp-content/themes/jobbox/assets/imgs/template/icons/star.svg]
[jthemes.com/themes/wp/jobbox/wp-json/oembed/1.0/embed2046.json]
[jthemes.com/themes/wp/jobbox/company/dailymotion/index.html]
[jthemes.com/themes/wp/jobbox/wp-content/uploads/2022/09/recruiter-3-1.svg]
[jthemes.com/themes/wp/jobbox/wp-json/oembed/1.0/embed428c]
[jthemes.com/themes/wp/jobbox/wp-json/oembed/1.0/embedba20.json]
[jthemes.com/themes/wp/jobbox/company/callaway-golf-2/index.html]
[jthemes.com/themes/wp/jobbox/wp-json/oembed/1.0/embedbca4]
[jthemes.com/themes/wp/jobbox/wp-json/oembed/1.0/embed7b27.json]
[jthemes.com/themes/wp/jobbox/company/baseball-savings/index.html]
[jthemes.com/themes/wp/jobbox/wp-json/oembed/1.0/embedee26]
[jthemes.com/themes/wp/jobbox/wp-json/oembed/1.0/embed626e.json]
[jthemes.com/themes/wp/jobbox/company/carols-daughter/index.html]
[jthemes.com/themes/wp/jobbox/wp-json/oembed/1.0/embed1a4f]
[jthemes.com/themes/wp/jobbox/wp-json/oembed/1.0/embed97dd.json]
[jthemes.com/themes/wp/jobbox/company/wanderu-2/index.html]
[jthemes.com/themes/wp/jobbox/wp-json/oembed/1.0/embed3a12]
[jthemes.com/themes/wp/jobbox/wp-json/oembed/1.0/embed3d3c.json]
[jthemes.com/themes/wp/jobbox/company/bing-search/index.html]
[jthemes.com/themes/wp/jobbox/wp-json/oembed/1.0/embed5b9e]
[jthemes.com/themes/wp/jobbox/wp-json/oembed/1.0/embedbcf5.json]
[jthemes.com/themes/wp/jobbox/company/percepta-2/index.html]
[jthemes.com/themes/wp/jobbox/wp-json/oembed/1.0/embed4625]
[jthemes.com/themes/wp/jobbox/wp-json/oembed/1.0/embedb9d5.json]
[jthemes.com/themes/wp/jobbox/company/tesla/index.html]
[jthemes.com/themes/wp/jobbox/wp-json/oembed/1.0/embed8752]
[jthemes.com/themes/wp/jobbox/wp-json/oembed/1.0/embedaba4.json]
[jthemes.com/themes/wp/jobbox/company/car-toys-3/index.html]
[jthemes.com/themes/wp/jobbox/wp-json/oembed/1.0/embed8ac2]
[jthemes.com/themes/wp/jobbox/wp-json/oembed/1.0/embedc2ac.json]
[jthemes.com/themes/wp/jobbox/company/amazon-2/index.html]
[jthemes.com/themes/wp/jobbox/wp-json/oembed/1.0/embed7124]
[jthemes.com/themes/wp/jobbox/wp-json/oembed/1.0/embed34a3.json]
[jthemes.com/themes/wp/jobbox/company/ashford-2/index.html]
[jthemes.com/themes/wp/jobbox/wp-content/uploads/2022/09/recruiter-2-1.svg]
[jthemes.com/themes/wp/jobbox/wp-json/oembed/1.0/embedd977]
[jthemes.com/themes/wp/jobbox/wp-json/oembed/1.0/embed113a.json]
[jthemes.com/themes/wp/jobbox/company/linkedin/index.html]
[jthemes.com/themes/wp/jobbox/wp-content/uploads/2022/09/recruiter-6.svg]
[jthemes.com/themes/wp/jobbox/wp-json/oembed/1.0/embedc819]
[jthemes.com/themes/wp/jobbox/wp-json/oembed/1.0/embed951a.json]
[jthemes.com/themes/wp/jobbox/company/exela-movers/index.html]
[jthemes.com/themes/wp/jobbox/wp-json/oembed/1.0/embed94c7]
[jthemes.com/themes/wp/jobbox/wp-json/oembed/1.0/embed1f34.json]
[jthemes.com/themes/wp/jobbox/company/ibotta-inc/index.html]
[jthemes.com/themes/wp/jobbox/jobs/index1ccd.html]
[jthemes.com/themes/wp/jobbox/wp-content/uploads/2023/03/denmark.svg]
[jthemes.com/themes/wp/jobbox/jobs/index294f.html]
[jthemes.com/themes/wp/jobbox/wp-content/uploads/2023/03/france.svg]
[jthemes.com/themes/wp/jobbox/jobs/index51c7.html]
[jthemes.com/themes/wp/jobbox/wp-content/uploads/2023/03/germany.svg]
[jthemes.com/themes/wp/jobbox/jobs/indexc15f.html]
[jthemes.com/themes/wp/jobbox/wp-content/uploads/2023/03/holland.svg]
[jthemes.com/themes/wp/jobbox/jobs/indexae07.html]
[jthemes.com/themes/wp/jobbox/wp-content/uploads/2023/03/london.svg]
[jthemes.com/themes/wp/jobbox/jobs/indexeb63.html]
[jthemes.com/themes/wp/jobbox/wp-content/uploads/2023/03/usa.svg]
[jthemes.com/themes/wp/jobbox/wp-json/oembed/1.0/embede9a3]
[jthemes.com/themes/wp/jobbox/recruiter-and-land-your-dream-job/feed/index.html]
[jthemes.com/themes/wp/jobbox/wp-json/wp/v2/posts/1628.json]
[jthemes.com/themes/wp/jobbox/wp-json/oembed/1.0/embed8282.json]
[jthemes.com/themes/wp/jobbox/wp-json/oembed/1.0/embedf50f]
[jthemes.com/themes/wp/jobbox/wp-content/uploads/2023/03/img-big2-1266x514.png]
[jthemes.com/themes/wp/jobbox/recruiter-and-land-your-dream-job/index.html]
[jthemes.com/themes/wp/jobbox/category/job-tips/index.html]
[jthemes.com/themes/wp/jobbox/category/job-tips/feed/index.html]
[jthemes.com/themes/wp/jobbox/wp-json/wp/v2/categories/24.json]
[jthemes.com/themes/wp/jobbox/21-job-interview-tips-how-to-make-a-great-impression/feed/index.html]
[jthemes.com/themes/wp/jobbox/wp-json/wp/v2/posts/24.json]
[jthemes.com/themes/wp/jobbox/wp-json/oembed/1.0/embed21a9.json]
[jthemes.com/themes/wp/jobbox/wp-json/oembed/1.0/embed325e]
[jthemes.com/themes/wp/jobbox/wp-content/uploads/2023/03/img-big3-1266x514.png]
[jthemes.com/themes/wp/jobbox/21-job-interview-tips-how-to-make-a-great-impression/index.html]
[jthemes.com/themes/wp/jobbox/category/events/index.html]
[jthemes.com/themes/wp/jobbox/category/events/feed/index.html]
[jthemes.com/themes/wp/jobbox/wp-json/wp/v2/categories/23.json]
[jthemes.com/themes/wp/jobbox/email-examples-how-to-respond-to-employer-interview-requests-2/feed/index.html]
[jthemes.com/themes/wp/jobbox/wp-json/wp/v2/posts/25.json]
[jthemes.com/themes/wp/jobbox/wp-json/oembed/1.0/embed04a2.json]
[jthemes.com/themes/wp/jobbox/wp-json/oembed/1.0/embed4eb8]
[jthemes.com/themes/wp/jobbox/wp-content/uploads/2022/03/img-big1-1266x514.png]
[jthemes.com/themes/wp/jobbox/email-examples-how-to-respond-to-employer-interview-requests-2/index.html]
[jthemes.com/themes/wp/jobbox/wp-json/wp/v2/posts/27.json]
[jthemes.com/themes/wp/jobbox/15-important-tips-how-to-write-organized-resume/feed/index.html]
[jthemes.com/themes/wp/jobbox/wp-json/oembed/1.0/embed8a8b.json]
[jthemes.com/themes/wp/jobbox/wp-json/oembed/1.0/embedb3d6]
[jthemes.com/themes/wp/jobbox/wp-content/uploads/2022/09/img8-1209x514.png]
[jthemes.com/themes/wp/jobbox/15-important-tips-how-to-write-organized-resume/index.html]
[jthemes.com/themes/wp/jobbox/tag/resume/index.html]
[jthemes.com/themes/wp/jobbox/tag/job-tips/index.html]
[jthemes.com/themes/wp/jobbox/wp-json/wp/v2/posts/28.json]
[jthemes.com/themes/wp/jobbox/21-job-interview-tips-how-to-make-a-great-impression-2/feed/index.html]
[jthemes.com/themes/wp/jobbox/wp-json/oembed/1.0/embed1fd1.json]
[jthemes.com/themes/wp/jobbox/wp-json/oembed/1.0/embedcfb2]
[jthemes.com/themes/wp/jobbox/wp-content/uploads/2022/05/img3-1209x514.png]
[jthemes.com/themes/wp/jobbox/21-job-interview-tips-how-to-make-a-great-impression-2/index.html]
[jthemes.com/themes/wp/jobbox/wp-json/wp/v2/posts/29.json]
[jthemes.com/themes/wp/jobbox/email-examples-how-to-respond-to-employer-interview-requests/feed/index.html]
[jthemes.com/themes/wp/jobbox/wp-json/oembed/1.0/embed7cdc.json]
[jthemes.com/themes/wp/jobbox/wp-json/oembed/1.0/embedf947]
[jthemes.com/themes/wp/jobbox/wp-content/uploads/2022/04/img4-1209x514.png]
[jthemes.com/themes/wp/jobbox/email-examples-how-to-respond-to-employer-interview-requests/index.html]
[jthemes.com/themes/wp/jobbox/wp-json/wp/v2/posts/30.json]
[jthemes.com/themes/wp/jobbox/how-to-write-an-application-letter-with-examples/feed/index.html]
[jthemes.com/themes/wp/jobbox/wp-json/oembed/1.0/embed2209.json]
[jthemes.com/themes/wp/jobbox/how-to-write-an-application-letter-with-examples/index.html]
[jthemes.com/themes/wp/jobbox/wp-json/oembed/1.0/embed3457]
[jthemes.com/themes/wp/jobbox/wp-content/uploads/2023/03/jobhub-logo.svg]
[jthemes.com/themes/wp/jobbox/how-to-write-an-application-letter-with-examples/index6809.html]
[jthemes.com/themes/wp/jobbox/how-to-write-an-application-letter-with-examples/index0e22.html]
[jthemes.com/themes/wp/jobbox/how-to-write-an-application-letter-with-examples/index3094.html]
[jthemes.com/themes/wp/jobbox/wp-content/uploads/2023/03/app-store.svg]
[jthemes.com/themes/wp/jobbox/wp-content/uploads/2023/03/google-play.svg]
[jthemes.com/themes/wp/jobbox/how-to-write-an-application-letter-with-examples/index21b4.html]
[jthemes.com/themes/wp/jobbox/how-to-write-an-application-letter-with-examples/index267f.html]
[jthemes.com/themes/wp/jobbox/wp-json/wp/v2/pages/8.json]
[jthemes.com/themes/wp/jobbox/my-account/index.html]
[jthemes.com/themes/wp/jobbox/wp-json/oembed/1.0/embed21c8.json]
[jthemes.com/themes/wp/jobbox/wp-json/oembed/1.0/embed656d]
[jthemes.com/themes/wp/jobbox/wp-content/plugins/woocommerce/assets/js/selectWoo/selectWoo.full.min6974.js]
[jthemes.com/themes/wp/jobbox/wp-content/plugins/woocommerce/assets/js/frontend/password-strength-meter.min2632.js]
[jthemes.com/themes/wp/jobbox/my-account/lost-password/index.html]
[jthemes.com/themes/wp/jobbox/home/customer/www/jthemes.com/public_html/themes/wp/jobbox/wp-content/plugins/control-user-profileassets/user-profile8a54.html]
[jthemes.com/themes/wp/jobbox/wp-admin/css/color-picker.mine35d.css]
[jthemes.com/themes/wp/jobbox/wp-content/plugins/woocommerce/assets/js/frontend/lost-password.min2632.js]
[jthemes.com/themes/wp/jobbox/wp-content/plugins/control-block-patterns/assets/img/drag_icon.gif]
[jthemes.com/themes/wp/jobbox/wp-content/plugins/control-block-patterns/assets/css/ctrlbp-admin.min4f18.css]
[jthemes.com/themes/wp/jobbox/home/customer/www/jthemes.com/public_html/themes/wp/jobbox/wp-content/plugins/control-user-profileassets/user-profile8a54-2.html]
[jthemes.com/themes/wp/jobbox/wp-content/plugins/contact-form-7/includes/css/stylesf658.css]
[jthemes.com/themes/wp/jobbox/wp-content/plugins/control-job-manager/vendor/bookmarks/assets/dist/css/frontend5a2c.css]
[jthemes.com/themes/wp/jobbox/wp-content/plugins/control-job-manager/vendor/application-deadline/assets/dist/css/frontend5a2c.css]
[jthemes.com/themes/wp/jobbox/wp-content/plugins/wp-job-manager/assets/dist/images/ajax-loader.ea183bf2.gif]
[jthemes.com/themes/wp/jobbox/wp-content/plugins/wp-job-manager/assets/dist/css/job-listings7d5b.css]
[jthemes.com/themes/wp/jobbox/wp-content/themes/jobbox/assets/fonts/uicons/uicons-regular-rounded.woff2]
[jthemes.com/themes/wp/jobbox/wp-content/themes/jobbox/assets/fonts/uicons/uicons-regular-rounded.woff]
[jthemes.com/themes/wp/jobbox/wp-content/themes/jobbox/assets/fonts/fa-solid-900.woff2]
[jthemes.com/themes/wp/jobbox/wp-content/themes/jobbox/assets/fonts/fa-regular-400.ttf]
[jthemes.com/themes/wp/jobbox/wp-content/themes/jobbox/assets/imgs/page/about/facebook.svg]
[jthemes.com/themes/wp/jobbox/wp-content/themes/jobbox/assets/imgs/page/about/twitter.svg]
[jthemes.com/themes/wp/jobbox/wp-content/themes/jobbox/assets/imgs/page/about/instagram.svg]
[jthemes.com/themes/wp/jobbox/wp-content/themes/jobbox/assets/imgs/page/about/linkedin.svg]
[jthemes.com/themes/wp/jobbox/wp-content/themes/jobbox/assets/imgs/template/icons/apply.svg]
[jthemes.com/themes/wp/jobbox/wp-content/themes/jobbox/assets/imgs/template/icons/call.svg]
[jthemes.com/themes/wp/jobbox/wp-content/themes/jobbox/assets/imgs/template/icons/icon-download.svg]
[jthemes.com/themes/wp/jobbox/wp-content/themes/jobbox/assets/imgs/template/icons/icon-load.svg]
[jthemes.com/themes/wp/jobbox/wp-content/themes/jobbox/assets/imgs/page/company/icon-email.svg]
[jthemes.com/themes/wp/jobbox/wp-content/themes/jobbox/assets/imgs/page/homepage2/arrow-right.svg]
[jthemes.com/themes/wp/jobbox/wp-content/themes/jobbox/assets/imgs/template/icons/icon-more.svg]
[jthemes.com/themes/wp/jobbox/wp-content/themes/jobbox/assets/imgs/template/icons/tick.svg]
[jthemes.com/themes/wp/jobbox/wp-content/themes/jobbox/assets/imgs/template/bg-1.svg]
[jthemes.com/themes/wp/jobbox/wp-content/themes/jobbox/assets/imgs/slider/swiper/next.svg]
[jthemes.com/themes/wp/jobbox/wp-content/themes/jobbox/assets/imgs/slider/swiper/next-active.svg]
[jthemes.com/themes/wp/jobbox/wp-content/themes/jobbox/assets/imgs/slider/swiper/prev.svg]
[jthemes.com/themes/wp/jobbox/wp-content/themes/jobbox/assets/imgs/slider/swiper/prev-active.svg]
[jthemes.com/themes/wp/jobbox/wp-content/themes/jobbox/assets/imgs/template/icons/time.svg]
[jthemes.com/themes/wp/jobbox/wp-content/themes/jobbox/assets/imgs/template/icons/briefcase.svg]
[jthemes.com/themes/wp/jobbox/wp-content/themes/jobbox/assets/imgs/template/icons/location.svg]
[jthemes.com/themes/wp/jobbox/wp-content/themes/jobbox/assets/imgs/template/icons/flash.svg]
[jthemes.com/themes/wp/jobbox/wp-content/themes/jobbox/assets/imgs/page/blog/picture-icon.svg]
[jthemes.com/themes/wp/jobbox/wp-content/themes/jobbox/assets/imgs/template/icons/arrow-right.svg]
[jthemes.com/themes/wp/jobbox/wp-content/themes/jobbox/assets/imgs/template/bg-newsletter.svg]
[jthemes.com/themes/wp/jobbox/wp-content/themes/jobbox/assets/imgs/template/email.svg]
[jthemes.com/themes/wp/jobbox/wp-content/themes/jobbox/assets/imgs/template/icons/arrow-breadcrumb.svg]
[jthemes.com/themes/wp/jobbox/wp-content/themes/jobbox/assets/imgs/page/blog/home.svg]
[jthemes.com/themes/wp/jobbox/wp-content/themes/jobbox/assets/imgs/page/homepage1/search-icon.svg]
[jthemes.com/themes/wp/jobbox/wp-content/themes/jobbox/assets/imgs/template/icons/industry.svg]
[jthemes.com/themes/wp/jobbox/wp-content/themes/jobbox/assets/imgs/page/homepage1/key-numbers.svg]
[jthemes.com/themes/wp/jobbox/wp-content/themes/jobbox/assets/imgs/template/icons/icon-job.svg]
[jthemes.com/themes/wp/jobbox/wp-content/themes/jobbox/assets/imgs/page/job-single/right-job-head.svg]
[jthemes.com/themes/wp/jobbox/wp-content/themes/jobbox/assets/imgs/page/job-single/left-job-head.svg]
[jthemes.com/themes/wp/jobbox/wp-content/themes/jobbox/assets/imgs/template/icons/facebook.svg]
[jthemes.com/themes/wp/jobbox/wp-content/themes/jobbox/assets/imgs/template/icons/twitter.svg]
[jthemes.com/themes/wp/jobbox/wp-content/themes/jobbox/assets/imgs/template/icons/linkedin.svg]
[jthemes.com/themes/wp/jobbox/wp-content/themes/jobbox/assets/imgs/template/icons/go-top.svg]
[jthemes.com/themes/wp/jobbox/wp-content/themes/jobbox/assets/imgs/template/icons/check-circle.svg]
[jthemes.com/themes/wp/jobbox/wp-content/themes/jobbox/assets/imgs/template/icons/page-prev.svg]
[jthemes.com/themes/wp/jobbox/wp-content/themes/jobbox/assets/imgs/template/icons/page-prev-hover.svg]
[jthemes.com/themes/wp/jobbox/wp-content/themes/jobbox/assets/imgs/template/icons/page-next.svg]
[jthemes.com/themes/wp/jobbox/wp-content/themes/jobbox/assets/imgs/template/icons/page-next-hover.svg]
[jthemes.com/themes/wp/jobbox/wp-content/themes/jobbox/assets/imgs/page/company/bg-hiring.svg]
[jthemes.com/themes/wp/jobbox/wp-content/themes/jobbox/assets/imgs/page/company/bg-hiring-right.svg]
[jthemes.com/themes/wp/jobbox/wp-content/themes/jobbox/assets/imgs/page/company/icon-about.svg]
[jthemes.com/themes/wp/jobbox/wp-content/themes/jobbox/assets/imgs/page/company/icon-about-hover.svg]
[jthemes.com/themes/wp/jobbox/wp-content/themes/jobbox/assets/imgs/page/company/icon-recruitment.svg]
[jthemes.com/themes/wp/jobbox/wp-content/themes/jobbox/assets/imgs/page/company/icon-recruitment-hover.svg]
[jthemes.com/themes/wp/jobbox/wp-content/themes/jobbox/assets/imgs/page/company/icon-people.svg]
[jthemes.com/themes/wp/jobbox/wp-content/themes/jobbox/assets/imgs/page/company/icon-people-hover.svg]
[jthemes.com/themes/wp/jobbox/wp-content/themes/jobbox/assets/imgs/page/candidates/search.html]
[jthemes.com/themes/wp/jobbox/wp-content/themes/jobbox/assets/imgs/page/candidates/close.html]
[jthemes.com/themes/wp/jobbox/wp-content/themes/jobbox/assets/imgs/page/candidates/info.html]
[jthemes.com/themes/wp/jobbox/wp-content/themes/jobbox/assets/imgs/page/candidates/editor.html]
[jthemes.com/themes/wp/jobbox/wp-content/themes/jobbox/assets/imgs/page/homepage1/bg-banner.svg]
[jthemes.com/themes/wp/jobbox/wp-content/themes/jobbox/assets/imgs/page/homepage1/bg-left-hiring.svg]
[jthemes.com/themes/wp/jobbox/wp-content/themes/jobbox/assets/imgs/page/homepage1/bg-right-hiring.svg]
[jthemes.com/themes/wp/jobbox/wp-content/themes/jobbox/assets/imgs/page/homepage3/check-box.svg]
[jthemes.com/themes/wp/jobbox/wp-content/themes/jobbox/assets/fonts/star.svg]
[jthemes.com/themes/wp/jobbox/wp-content/plugins/elementor/assets/lib/eicons/fonts/eicons9506.svg]
[jthemes.com/themes/wp/jobbox/wp-content/themes/jobbox/assets/fonts/fa-v4compatibility.ttf]
[jthemes.com/themes/wp/jobbox/wp-content/themes/jobbox/assets/imgs/template/icons/arrow-down.svg]
[jthemes.com/themes/wp/jobbox/wp-content/themes/jobbox/assets/fonts/fa-v4compatibility.woff2]
[jthemes.com/themes/wp/jobbox/wp-content/uploads/2022/09/img6.png]
[jthemes.com/themes/wp/jobbox/wp-content/uploads/2022/09/img7.png]
[jthemes.com/themes/wp/jobbox/wp-content/uploads/elementor/css/post-13238d77.css]
[jthemes.com/themes/wp/jobbox/wp-content/uploads/2022/09/img2.png]
[jthemes.com/themes/wp/jobbox/wp-content/uploads/elementor/css/post-13411788.css]
[jthemes.com/themes/wp/jobbox/wp-json/wp/v2/pages/1341.json]
[jthemes.com/themes/wp/jobbox/wp-json/oembed/1.0/embed39e0.json]
[jthemes.com/themes/wp/jobbox/home-3/index.html]
[jthemes.com/themes/wp/jobbox/indexb140.html]
[jthemes.com/themes/wp/jobbox/wp-content/uploads/elementor/css/post-13731998.css]
[jthemes.com/themes/wp/jobbox/indexaf12.html]
[jthemes.com/themes/wp/jobbox/wp-content/uploads/elementor/css/post-140274bb.css]
[jthemes.com/themes/wp/jobbox/index9588.html]
[jthemes.com/themes/wp/jobbox/wp-json/oembed/1.0/embed02a7]
[jthemes.com/themes/wp/jobbox/wp-content/uploads/elementor/css/post-1349108f.css]
[jthemes.com/themes/wp/jobbox/wp-content/plugins/wp-job-manager/assets/dist/fonts/job-manager.434425af.woff]
[jthemes.com/themes/wp/jobbox/wp-content/plugins/wp-job-manager/assets/dist/fonts/job-manager.7799d387.ttf]
[jthemes.com/themes/wp/jobbox/wp-content/plugins/wp-job-manager/assets/dist/fonts/jm.18758dfe.eot]
[jthemes.com/themes/wp/jobbox/wp-content/plugins/wp-job-manager/assets/dist/fonts/jm.18758dfed41d.eot]
[jthemes.com/themes/wp/jobbox/wp-content/plugins/wp-job-manager/assets/dist/fonts/jm.67b7d10a.woff]
[jthemes.com/themes/wp/jobbox/wp-content/plugins/wp-job-manager/assets/dist/css/frontend6fb1.css]
[jthemes.com/themes/wp/jobbox/indexdc22.html]
[jthemes.com/themes/wp/jobbox/index9a9b.html]
[jthemes.com/themes/wp/jobbox/wp-content/plugins/wp-job-manager/assets/dist/fonts/jm.97b72719.ttf]
[jthemes.com/themes/wp/jobbox/jobs/index22ab.html]
[jthemes.com/themes/wp/jobbox/wp-content/plugins/control-job-manager/assets/css/form5a2c.css]
[jthemes.com/themes/wp/jobbox/wp-content/plugins/control-job-manager/assets/js/frontend-submission5a2c.js]
[jthemes.com/themes/wp/jobbox/wp-json/oembed/1.0/embed1c81]
[jthemes.com/themes/wp/jobbox/wp-includes/js/jquery/ui/sortable.min3f14.js]
[jthemes.com/themes/wp/jobbox/recruiters/index437c.html]
[jthemes.com/themes/wp/jobbox/recruiters/index5cb3.html]
[jthemes.com/themes/wp/jobbox/company/callaway-golf/index.html]
[jthemes.com/themes/wp/jobbox/recruiters/index0f3e.html]
[jthemes.com/themes/wp/jobbox/recruiters/index96b7.html]
[jthemes.com/themes/wp/jobbox/recruiters/indexb356.html]
[jthemes.com/themes/wp/jobbox/recruiters/indexd82b.html]
[jthemes.com/themes/wp/jobbox/recruiters/indexefc3.html]
[jthemes.com/themes/wp/jobbox/recruiters/indexfa6a.html]
[jthemes.com/themes/wp/jobbox/recruiters/indexa724.html]
[jthemes.com/themes/wp/jobbox/recruiters/indexbf40.html]
[jthemes.com/themes/wp/jobbox/recruiters/indexa644.html]
[jthemes.com/themes/wp/jobbox/wp-content/uploads/2022/09/recruiter-3.svg]
[jthemes.com/themes/wp/jobbox/recruiters/page/2/index.html]
[jthemes.com/themes/wp/jobbox/wp-json/wp/v2/pages/171]
[jthemes.com/themes/wp/jobbox/recruiters/page/2/index5cb3.html]
[jthemes.com/themes/wp/jobbox/recruiters/page/2/index0f3e.html]
[jthemes.com/themes/wp/jobbox/recruiters/page/2/index96b7.html]
[jthemes.com/themes/wp/jobbox/recruiters/page/2/indexd82b.html]
[jthemes.com/themes/wp/jobbox/recruiters/page/2/indexb356.html]
[jthemes.com/themes/wp/jobbox/recruiters/page/2/indexefc3.html]
[jthemes.com/themes/wp/jobbox/recruiters/page/2/indexfa6a.html]
[jthemes.com/themes/wp/jobbox/recruiters/page/2/indexa724.html]
[jthemes.com/themes/wp/jobbox/recruiters/page/2/indexbf40.html]
[jthemes.com/themes/wp/jobbox/recruiters/page/2/indexa644.html]
[jthemes.com/themes/wp/jobbox/index7896.html]
[jthemes.com/themes/wp/jobbox/candidates/index437c.html]
[jthemes.com/themes/wp/jobbox/wp-content/uploads/2023/03/recruiter-banner-14.png]
[jthemes.com/themes/wp/jobbox/candidates/index0f3e.html]
[jthemes.com/themes/wp/jobbox/candidates/index96b7.html]
[jthemes.com/themes/wp/jobbox/candidates/indexb356.html]
[jthemes.com/themes/wp/jobbox/candidates/indexd82b.html]
[jthemes.com/themes/wp/jobbox/candidates/index7005.html]
[jthemes.com/themes/wp/jobbox/candidates/indexedc1.html]
[jthemes.com/themes/wp/jobbox/candidates/indexf6fb.html]
[jthemes.com/themes/wp/jobbox/candidates/indexbf40.html]
[jthemes.com/themes/wp/jobbox/wp-content/uploads/2022/09/candidate-1.svg]
[jthemes.com/themes/wp/jobbox/wp-json/oembed/1.0/embed5a06]
[jthemes.com/themes/wp/jobbox/wp-json/oembed/1.0/embed9310]
[jthemes.com/themes/wp/jobbox/wp-json/oembed/1.0/embed77e8.json]
[jthemes.com/themes/wp/jobbox/candidate/cody-fisher/index.html]
[jthemes.com/themes/wp/jobbox/wp-content/uploads/2022/09/candidate-2.svg]
[jthemes.com/themes/wp/jobbox/wp-json/oembed/1.0/embed7a54]
[jthemes.com/themes/wp/jobbox/wp-json/oembed/1.0/embed3e11.json]
[jthemes.com/themes/wp/jobbox/candidate/jerome-bell-2/index.html]
[jthemes.com/themes/wp/jobbox/wp-content/uploads/2022/09/candidate-3.svg]
[jthemes.com/themes/wp/jobbox/wp-json/oembed/1.0/embedfa65]
[jthemes.com/themes/wp/jobbox/wp-json/oembed/1.0/embed504a.json]
[jthemes.com/themes/wp/jobbox/candidate/jane-cooper/index.html]
[jthemes.com/themes/wp/jobbox/wp-content/uploads/2022/09/candidate-4.svg]
[jthemes.com/themes/wp/jobbox/wp-content/uploads/2022/09/candidate-5.svg]
[jthemes.com/themes/wp/jobbox/wp-json/oembed/1.0/embed72ab]
[jthemes.com/themes/wp/jobbox/wp-json/oembed/1.0/embed1ec2.json]
[jthemes.com/themes/wp/jobbox/candidate/devon-lane/index.html]
[jthemes.com/themes/wp/jobbox/wp-content/uploads/2022/09/candidate-6.svg]
[jthemes.com/themes/wp/jobbox/wp-json/oembed/1.0/embed860f]
[jthemes.com/themes/wp/jobbox/wp-json/oembed/1.0/embed4a3e.json]
[jthemes.com/themes/wp/jobbox/candidate/eleanor/index.html]
[jthemes.com/themes/wp/jobbox/wp-json/oembed/1.0/embed9da5]
[jthemes.com/themes/wp/jobbox/wp-content/uploads/2022/09/candidate-7.svg]
[jthemes.com/themes/wp/jobbox/wp-json/oembed/1.0/embed7793.json]
[jthemes.com/themes/wp/jobbox/candidate/theresa/index.html]
[jthemes.com/themes/wp/jobbox/wp-content/uploads/2022/09/candidate-8.svg]
[jthemes.com/themes/wp/jobbox/wp-json/oembed/1.0/embed07cc]
[jthemes.com/themes/wp/jobbox/wp-json/oembed/1.0/embedabb9.json]
[jthemes.com/themes/wp/jobbox/candidate/cameron/index.html]
[jthemes.com/themes/wp/jobbox/wp-content/uploads/2022/09/candidate-9.svg]
[jthemes.com/themes/wp/jobbox/wp-json/oembed/1.0/embeddb01]
[jthemes.com/themes/wp/jobbox/wp-json/oembed/1.0/embed9a4a.json]
[jthemes.com/themes/wp/jobbox/candidate/jacob-jones/index.html]
[jthemes.com/themes/wp/jobbox/wp-content/uploads/2022/09/candidate-10.svg]
[jthemes.com/themes/wp/jobbox/wp-json/oembed/1.0/embed65d4]
[jthemes.com/themes/wp/jobbox/wp-json/oembed/1.0/embed6290.json]
[jthemes.com/themes/wp/jobbox/candidate/court-henry/index.html]
[jthemes.com/themes/wp/jobbox/wp-content/uploads/2022/09/candidate-11.svg]
[jthemes.com/themes/wp/jobbox/wp-json/oembed/1.0/embede565]
[jthemes.com/themes/wp/jobbox/wp-json/oembed/1.0/embedbbed.json]
[jthemes.com/themes/wp/jobbox/candidate/hawkins/index.html]
[jthemes.com/themes/wp/jobbox/wp-content/uploads/2022/09/candidate-13.svg]
[jthemes.com/themes/wp/jobbox/wp-json/oembed/1.0/embed0bd9]
[jthemes.com/themes/wp/jobbox/wp-json/oembed/1.0/embed0d68.json]
[jthemes.com/themes/wp/jobbox/candidate/howard/index.html]
[jthemes.com/themes/wp/jobbox/wp-content/uploads/2022/09/candidate-14.svg]
[jthemes.com/themes/wp/jobbox/wp-json/oembed/1.0/embedda29]
[jthemes.com/themes/wp/jobbox/wp-json/oembed/1.0/embed857c.json]
[jthemes.com/themes/wp/jobbox/candidate/alexander/index.html]
[jthemes.com/themes/wp/jobbox/wp-content/uploads/2022/09/candidate-15.svg]
[jthemes.com/themes/wp/jobbox/index9430.html]
[jthemes.com/themes/wp/jobbox/index3f5a.html]
[jthemes.com/themes/wp/jobbox/wp-json/oembed/1.0/embed35b4]
[jthemes.com/themes/wp/jobbox/wp-json/wp/v2/posts/1631.json]
[jthemes.com/themes/wp/jobbox/work-from-home-jobs-that-pay-well/feed/index.html]
[jthemes.com/themes/wp/jobbox/wp-json/oembed/1.0/embed3d20.json]
[jthemes.com/themes/wp/jobbox/work-from-home-jobs-that-pay-well/index.html]
[jthemes.com/themes/wp/jobbox/blog/page/2/index.html]
[jthemes.com/themes/wp/jobbox/index88b9.html]
[jthemes.com/themes/wp/jobbox/wp-content/themes/jobbox/assets/imgs/page/blog/calendar.svg]
[jthemes.com/themes/wp/jobbox/wp-content/uploads/2022/09/img-content-1024x456.html]
[jthemes.com/themes/wp/jobbox/wp-json/oembed/1.0/embed9760]
[jthemes.com/themes/wp/jobbox/tag/nature-2/index.html]
[jthemes.com/themes/wp/jobbox/tag/beauty/feed/index.html]
[jthemes.com/themes/wp/jobbox/tag/beauty/index.html]
[jthemes.com/themes/wp/jobbox/wp-json/wp/v2/tags/26.json]
[jthemes.com/themes/wp/jobbox/tag/nature/feed/index.html]
[jthemes.com/themes/wp/jobbox/tag/nature/index.html]
[jthemes.com/themes/wp/jobbox/wp-json/wp/v2/tags/25.json]
[jthemes.com/themes/wp/jobbox/tag/travel-tips/feed/index.html]
[jthemes.com/themes/wp/jobbox/tag/travel-tips/index.html]
[jthemes.com/themes/wp/jobbox/wp-content/uploads/elementor/css/post-121d33d.css]
[jthemes.com/themes/wp/jobbox/indexe856.html]
[jthemes.com/themes/wp/jobbox/about-us/_https_/jthemes.com/themes/wp/jobbox/wp-content/uploads/2023/03/img-about.html]
[jthemes.com/themes/wp/jobbox/wp-content/plugins/control-team/assets/images/star.svg]
[jthemes.com/themes/wp/jobbox/wp-content/plugins/control-team/assets/css/control-teamf269.css]
[jthemes.com/themes/wp/jobbox/wp-json/wp/v2/tags/27.json]
[jthemes.com/themes/wp/jobbox/wp-content/plugins/control-testimonials/assets/images/star.svg]
[jthemes.com/themes/wp/jobbox/wp-content/plugins/control-testimonials/assets/images/arrow-prev.svg]
[jthemes.com/themes/wp/jobbox/wp-content/plugins/control-testimonials/assets/css/control-testimonials8a54.css]
[jthemes.com/themes/wp/jobbox/wp-content/uploads/elementor/css/post-127bb02.css]
[jthemes.com/themes/wp/jobbox/index9751.html]
[jthemes.com/themes/wp/jobbox/contact-us/_https_/jthemes.com/themes/wp/jobbox/wp-content/uploads/2023/03/img-about.html]
[jthemes.com/themes/wp/jobbox/wp-content/uploads/elementor/css/post-125ec02.css]
[jthemes.com/themes/wp/jobbox/index5070.html]
[jthemes.com/themes/wp/jobbox/wp-content/plugins/control-pricing-plans/assets/css/control-pricing-plans8a54.css]
[jthemes.com/themes/wp/jobbox/wp-content/plugins/control-faqs/assets/css/control-faqs8a54.css]
[jthemes.com/themes/wp/jobbox/wp-content/plugins/control-testimonials/assets/images/arrow-next.svg]
[jthemes.com/themes/wp/jobbox/wp-json/wp/v2/product/1218.json]
[jthemes.com/themes/wp/jobbox/product/album/feed/index.html]
[jthemes.com/themes/wp/jobbox/wp-json/oembed/1.0/embedd487.json]
[jthemes.com/themes/wp/jobbox/wp-json/oembed/1.0/embed167f]
[jthemes.com/themes/wp/jobbox/wp-content/uploads/woocommerce-placeholder-600x600.png]
[jthemes.com/themes/wp/jobbox/product/album/index.html]
[jthemes.com/themes/wp/jobbox/shop/index66fa.html]
[jthemes.com/themes/wp/jobbox/wp-content/plugins/woocommerce/assets/js/frontend/single-product.min2632.js]
[jthemes.com/themes/wp/jobbox/product-category/music/index.html]
[jthemes.com/themes/wp/jobbox/product/album/index5c86.html]
[jthemes.com/themes/wp/jobbox/product/beanie/feed/index.html]
[jthemes.com/themes/wp/jobbox/wp-json/wp/v2/product/10.json]
[jthemes.com/themes/wp/jobbox/wp-json/oembed/1.0/embed7440.json]
[jthemes.com/themes/wp/jobbox/product/beanie/index.html]
[jthemes.com/themes/wp/jobbox/wp-json/oembed/1.0/embedfcbd]
[jthemes.com/themes/wp/jobbox/product-category/accessories/index.html]
[jthemes.com/themes/wp/jobbox/product/sunglasses/index.html]
[jthemes.com/themes/wp/jobbox/product/beanie/indexa46f.html]
[jthemes.com/themes/wp/jobbox/product/beanie/index6caa.html]
[jthemes.com/themes/wp/jobbox/shop/index5215.html]
[jthemes.com/themes/wp/jobbox/product/beanie-with-logo/index.html]
[jthemes.com/themes/wp/jobbox/wp-json/oembed/1.0/embed2ca2]
[jthemes.com/themes/wp/jobbox/product/beanie-with-logo/index5215.html]
[jthemes.com/themes/wp/jobbox/product/beanie-with-logo/indexa46f.html]
[jthemes.com/themes/wp/jobbox/shop/indexedd1.html]
[jthemes.com/themes/wp/jobbox/product/belt/feed/index.html]
[jthemes.com/themes/wp/jobbox/wp-json/wp/v2/product/11.json]
[jthemes.com/themes/wp/jobbox/wp-json/oembed/1.0/embedd5bc.json]
[jthemes.com/themes/wp/jobbox/product/belt/index.html]
[jthemes.com/themes/wp/jobbox/wp-json/oembed/1.0/embedc34e]
[jthemes.com/themes/wp/jobbox/product/belt/index6caa.html]
[jthemes.com/themes/wp/jobbox/product/belt/index45a2.html]
[jthemes.com/themes/wp/jobbox/product/belt/index5215.html]
[jthemes.com/themes/wp/jobbox/shop/indexa46f.html]
[jthemes.com/themes/wp/jobbox/product/cap/feed/index.html]
[jthemes.com/themes/wp/jobbox/wp-json/wp/v2/product/12.json]
[jthemes.com/themes/wp/jobbox/wp-json/oembed/1.0/embedf5c3.json]
[jthemes.com/themes/wp/jobbox/product/cap/index.html]
[jthemes.com/themes/wp/jobbox/wp-json/oembed/1.0/embed141a]
[jthemes.com/themes/wp/jobbox/product/cap/indexa46f.html]
[jthemes.com/themes/wp/jobbox/product/cap/index5215.html]
[jthemes.com/themes/wp/jobbox/product/cap/indexedd1.html]
[jthemes.com/themes/wp/jobbox/shop/index45a2.html]
[jthemes.com/themes/wp/jobbox/wp-json/wp/v2/product/1214.json]
[jthemes.com/themes/wp/jobbox/wp-json/oembed/1.0/embedf26e]
[jthemes.com/themes/wp/jobbox/product-category/hoodies/index.html]
[jthemes.com/themes/wp/jobbox/wp-includes/js/underscore.mind584.js]
[jthemes.com/themes/wp/jobbox/wp-includes/js/wp-util.mine35d.js]
[jthemes.com/themes/wp/jobbox/product/hoodie/index.html]
[jthemes.com/themes/wp/jobbox/product/hoodie-with-logo/feed/index.html]
[jthemes.com/themes/wp/jobbox/wp-json/wp/v2/product/1215.json]
[jthemes.com/themes/wp/jobbox/wp-json/oembed/1.0/embed9fc9.json]
[jthemes.com/themes/wp/jobbox/product/hoodie-with-logo/index.html]
[jthemes.com/themes/wp/jobbox/shop/index4fe3.html]
[jthemes.com/themes/wp/jobbox/product/hoodie-with-zipper/feed/index.html]
[jthemes.com/themes/wp/jobbox/wp-json/wp/v2/product/15.json]
[jthemes.com/themes/wp/jobbox/wp-json/oembed/1.0/embedf66f.json]
[jthemes.com/themes/wp/jobbox/product/hoodie-with-zipper/index.html]
[jthemes.com/themes/wp/jobbox/shop/indexbd81.html]
[jthemes.com/themes/wp/jobbox/wp-json/oembed/1.0/embed5e09]
[jthemes.com/themes/wp/jobbox/product/hoodie-with-zipper/index4fe3.html]
[jthemes.com/themes/wp/jobbox/product/logo-collection/feed/index.html]
[jthemes.com/themes/wp/jobbox/wp-json/oembed/1.0/embedea83.json]
[jthemes.com/themes/wp/jobbox/product/logo-collection/index.html]
[jthemes.com/themes/wp/jobbox/wp-json/oembed/1.0/embed029e]
[jthemes.com/themes/wp/jobbox/product-category/clothing/index.html]
[jthemes.com/themes/wp/jobbox/product/long-sleeve-tee/feed/index.html]
[jthemes.com/themes/wp/jobbox/wp-json/oembed/1.0/embed9bab.json]
[jthemes.com/themes/wp/jobbox/product/long-sleeve-tee/index.html]
[jthemes.com/themes/wp/jobbox/wp-json/oembed/1.0/embed4276]
[jthemes.com/themes/wp/jobbox/shop/indexfe55.html]
[jthemes.com/themes/wp/jobbox/product/long-sleeve-tee/index0ba2.html]
[jthemes.com/themes/wp/jobbox/product-category/tshirts/index.html]
[jthemes.com/themes/wp/jobbox/product/long-sleeve-tee/index31d8.html]
[jthemes.com/themes/wp/jobbox/product/v-neck-t-shirt/index.html]
[jthemes.com/themes/wp/jobbox/product/t-shirt/index.html]
[jthemes.com/themes/wp/jobbox/product/long-sleeve-tee/index186c.html]
[jthemes.com/themes/wp/jobbox/product/polo/feed/index.html]
[jthemes.com/themes/wp/jobbox/wp-json/wp/v2/product/17.json]
[jthemes.com/themes/wp/jobbox/wp-json/oembed/1.0/embed2f6b.json]
[jthemes.com/themes/wp/jobbox/product/polo/index.html]
[jthemes.com/themes/wp/jobbox/wp-json/oembed/1.0/embed7f17]
[jthemes.com/themes/wp/jobbox/product/polo/index31d8.html]
[jthemes.com/themes/wp/jobbox/product/polo/indexfe55.html]
[jthemes.com/themes/wp/jobbox/shop/index0ba2.html]
[jthemes.com/themes/wp/jobbox/wp-json/oembed/1.0/embedde5c.json]
[jthemes.com/themes/wp/jobbox/product/single/index.html]
[jthemes.com/themes/wp/jobbox/wp-json/oembed/1.0/embed3ba1]
[jthemes.com/themes/wp/jobbox/shop/index5c86.html]
[jthemes.com/themes/wp/jobbox/shop/page/2/index.html]
[jthemes.com/themes/wp/jobbox/shop/page/2/index6caa.html]
[jthemes.com/themes/wp/jobbox/product/wordpress-pennant/index.html]
[jthemes.com/themes/wp/jobbox/jobs/index1e4d.html]
[jthemes.com/themes/wp/jobbox/wp-content/uploads/2023/03/sale.svg]
[jthemes.com/themes/wp/jobbox/wp-content/uploads/2023/03/marketing.svg]
[jthemes.com/themes/wp/jobbox/wp-content/uploads/2022/09/recruiter-8.svg]
[jthemes.com/themes/wp/jobbox/wp-content/uploads/2022/09/job-single3.svg]
[jthemes.com/themes/wp/jobbox/wp-content/uploads/2022/09/recruiter-5.svg]
[jthemes.com/themes/wp/jobbox/wp-json/oembed/1.0/embed385b]
[jthemes.com/themes/wp/jobbox/wp-json/oembed/1.0/embed506e.json]
[jthemes.com/themes/wp/jobbox/indexd89d.html]
[jthemes.com/themes/wp/jobbox/index8e1b.html]
[jthemes.com/themes/wp/jobbox/wp-json/oembed/1.0/embedb0a6]
[jthemes.com/themes/wp/jobbox/candidate/skill/digital/index.html]
[jthemes.com/themes/wp/jobbox/candidate/skill/java/index.html]
[jthemes.com/themes/wp/jobbox/indexc544.html]
[jthemes.com/themes/wp/jobbox/wp-json/oembed/1.0/embedb088.json]
[jthemes.com/themes/wp/jobbox/wp-json/oembed/1.0/embed5d87]
[jthemes.com/themes/wp/jobbox/index88a0.html]
[jthemes.com/themes/wp/jobbox/wp-json/oembed/1.0/embeda9d0.json]
[jthemes.com/themes/wp/jobbox/wp-json/oembed/1.0/embed8821]
[jthemes.com/themes/wp/jobbox/index0c93.html]
[jthemes.com/themes/wp/jobbox/wp-json/oembed/1.0/embed8722.json]
[jthemes.com/themes/wp/jobbox/wp-json/oembed/1.0/embed108e]
[jthemes.com/themes/wp/jobbox/wp-content/uploads/2022/09/recruiter-14.svg]
[jthemes.com/themes/wp/jobbox/wp-json/oembed/1.0/embed54b5]
[jthemes.com/themes/wp/jobbox/wp-json/wp/v2/job-listings/259]
[jthemes.com/themes/wp/jobbox/wp-json/wp/v2/job-listings/254.json]
[jthemes.com/themes/wp/jobbox/wp-json/oembed/1.0/embede945]
[jthemes.com/themes/wp/jobbox/index6233.html]
[jthemes.com/themes/wp/jobbox/wp-json/oembed/1.0/embed38bc]
[jthemes.com/themes/wp/jobbox/index7823.html]
[jthemes.com/themes/wp/jobbox/index5ed0.html]
[jthemes.com/themes/wp/jobbox/wp-json/oembed/1.0/embed4a79.json]
[jthemes.com/themes/wp/jobbox/wp-json/oembed/1.0/embed6ff0]
[jthemes.com/themes/wp/jobbox/wp-json/wp/v2/job-listings/525.json]
[jthemes.com/themes/wp/jobbox/wp-json/oembed/1.0/embed6a0e]
[jthemes.com/themes/wp/jobbox/index27cd.html]
[jthemes.com/themes/wp/jobbox/wp-json/oembed/1.0/embedec68]
[jthemes.com/themes/wp/jobbox/index2636.html]
[jthemes.com/themes/wp/jobbox/index1639.html]
[jthemes.com/themes/wp/jobbox/wp-json/oembed/1.0/embed3f29.json]
[jthemes.com/themes/wp/jobbox/wp-json/oembed/1.0/embed400b]
[jthemes.com/themes/wp/jobbox/index8a71.html]
[jthemes.com/themes/wp/jobbox/wp-json/oembed/1.0/embedc0b6.json]
[jthemes.com/themes/wp/jobbox/wp-json/oembed/1.0/embedec03]
[jthemes.com/themes/wp/jobbox/index6a35.html]
[jthemes.com/themes/wp/jobbox/wp-json/oembed/1.0/embed18b5.json]
[jthemes.com/themes/wp/jobbox/wp-json/oembed/1.0/embed447d]
[jthemes.com/themes/wp/jobbox/indexb773.html]
[jthemes.com/themes/wp/jobbox/wp-json/oembed/1.0/embed9c1f.json]
[jthemes.com/themes/wp/jobbox/wp-json/oembed/1.0/embed75ff]
[jthemes.com/themes/wp/jobbox/index03bd.html]
[jthemes.com/themes/wp/jobbox/wp-json/oembed/1.0/embed5b5a.json]
[jthemes.com/themes/wp/jobbox/wp-json/oembed/1.0/embedaaa1]
[jthemes.com/themes/wp/jobbox/indexa943.html]
[jthemes.com/themes/wp/jobbox/wp-json/oembed/1.0/embed8013.json]
[jthemes.com/themes/wp/jobbox/wp-json/oembed/1.0/embed6702]
[jthemes.com/themes/wp/jobbox/index287b.html]
[jthemes.com/themes/wp/jobbox/index1098.html]
[jthemes.com/themes/wp/jobbox/index0721.html]
[jthemes.com/themes/wp/jobbox/index094d.html]
[jthemes.com/themes/wp/jobbox/index2cce.html]
[jthemes.com/themes/wp/jobbox/index8cd4.html]
[jthemes.com/themes/wp/jobbox/index7665.html]
[jthemes.com/themes/wp/jobbox/index4f61.html]
[jthemes.com/themes/wp/jobbox/index96f1.html]
[jthemes.com/themes/wp/jobbox/index7ef4.html]
[jthemes.com/themes/wp/jobbox/index3f3a.html]
[jthemes.com/themes/wp/jobbox/indexae74.html]
[jthemes.com/themes/wp/jobbox/index8cae.html]
[jthemes.com/themes/wp/jobbox/indexe839.html]
[jthemes.com/themes/wp/jobbox/index04cd.html]
[jthemes.com/themes/wp/jobbox/index55fc.html]
[jthemes.com/themes/wp/jobbox/index2cf9.html]
[jthemes.com/themes/wp/jobbox/index970c.html]
[jthemes.com/themes/wp/jobbox/index1c4a.html]
[jthemes.com/themes/wp/jobbox/wp-json/oembed/1.0/embedc983]
[jthemes.com/themes/wp/jobbox/tag/job-tips/index.html]
[jthemes.com/themes/wp/jobbox/wp-json/wp/v2/tags/30.json]
[jthemes.com/themes/wp/jobbox/tag/job-tips/feed/index.html]
[jthemes.com/themes/wp/jobbox/tag/resume/feed/index.html]
[jthemes.com/themes/wp/jobbox/tag/resume/index.html]
[jthemes.com/themes/wp/jobbox/index3c55.html]
[jthemes.com/themes/wp/jobbox/index9cd7.html]
[jthemes.com/themes/wp/jobbox/index5643.html]
[jthemes.com/themes/wp/jobbox/how-to-write-an-application-letter-with-examples/index6809.html]
[jthemes.com/themes/wp/jobbox/how-to-write-an-application-letter-with-examples/index0e22.html]
[jthemes.com/themes/wp/jobbox/how-to-write-an-application-letter-with-examples/index3094.html]
[jthemes.com/themes/wp/jobbox/how-to-write-an-application-letter-with-examples/index21b4.html]
[jthemes.com/themes/wp/jobbox/wp-json/wp/v2/tags/29.json]
[jthemes.com/themes/wp/jobbox/how-to-write-an-application-letter-with-examples/index267f.html]
[jthemes.com/themes/wp/jobbox/my-account/index.html]
[jthemes.com/themes/wp/jobbox/index2df4.html]
[jthemes.com/themes/wp/jobbox/wp-content/themes/jobbox/assets/imgs/template/icons/arrow-down.svg]
[code.jquery.com/ui/1.13.2/themes/smoothness/images/ui-bg_highlight-soft_75_cccccc_1x100.png]
[jthemes.com/themes/wp/jobbox/wp-content/plugins/elementor/assets/lib/eicons/fonts/eicons9506.woff]
[jthemes.com/themes/wp/jobbox/xmlrpc0db0.php]
[jthemes.com/themes/wp/jobbox/wp-content/uploads/elementor/css/post-13238d77.css]
[jthemes.com/themes/wp/jobbox/indexcd93.html]
[jthemes.com/themes/wp/jobbox/index3b72.html]
[jthemes.com/themes/wp/jobbox/wp-content/uploads/2022/09/img5-1.png]
[jthemes.com/themes/wp/jobbox/wp-content/uploads/elementor/css/post-13411788.css]
[jthemes.com/themes/wp/jobbox/index42a6.html]
[jthemes.com/themes/wp/jobbox/wp-content/uploads/elementor/css/post-1349108f.css]
[jthemes.com/themes/wp/jobbox/wp-content/plugins/elementor/assets/lib/eicons/fonts/eicons9506.ttf]
[jthemes.com/themes/wp/jobbox/wp-content/uploads/2023/02/job-single.svg]
[jthemes.com/themes/wp/jobbox/jobs/index22ab.html]
[jthemes.com/themes/wp/jobbox/wp-content/plugins/control-job-manager/assets/css/form5a2c.css]
[jthemes.com/themes/wp/jobbox/indexa828.html]
[jthemes.com/themes/wp/jobbox/recruiters/index5cb3.html]
[jthemes.com/themes/wp/jobbox/recruiters/feed/index.html]
[jthemes.com/themes/wp/jobbox/wp-content/plugins/wp-job-manager/assets/dist/fonts/job-manager.a2d17fff.eot]
[jthemes.com/themes/wp/jobbox/wp-json/oembed/1.0/embed2aad.json]
[jthemes.com/themes/wp/jobbox/company/callaway-golf/index.html]
[jthemes.com/themes/wp/jobbox/recruiters/page/2/index5cb3.html]
[jthemes.com/themes/wp/jobbox/recruiters/page/2/index0f3e.html]
[jthemes.com/themes/wp/jobbox/recruiters/page/2/index96b7.html]
[jthemes.com/themes/wp/jobbox/recruiters/page/2/indexb356.html]
[jthemes.com/themes/wp/jobbox/recruiters/page/2/indexd82b.html]
[jthemes.com/themes/wp/jobbox/recruiters/page/2/indexefc3.html]
[jthemes.com/themes/wp/jobbox/recruiters/page/2/indexfa6a.html]
[jthemes.com/themes/wp/jobbox/recruiters/page/2/indexa724.html]
[jthemes.com/themes/wp/jobbox/recruiters/page/2/indexbf40.html]
[jthemes.com/themes/wp/jobbox/recruiters/page/2/indexa644.html]
[jthemes.com/themes/wp/jobbox/wp-json/oembed/1.0/embed9d97]
[jthemes.com/themes/wp/jobbox/candidates/index0f3e.html]
[jthemes.com/themes/wp/jobbox/wp-content/uploads/2022/09/candidate-1.svg]
[jthemes.com/themes/wp/jobbox/index198a.html]
[jthemes.com/themes/wp/jobbox/indexc5eb.html]
[jthemes.com/themes/wp/jobbox/indexe6f0.html]
[jthemes.com/themes/wp/jobbox/indexea0f.html]
[jthemes.com/themes/wp/jobbox/index5a24.html]
[jthemes.com/themes/wp/jobbox/index460d.html]
[jthemes.com/themes/wp/jobbox/index5f87.html]
[jthemes.com/themes/wp/jobbox/indexbbbb.html]
[jthemes.com/themes/wp/jobbox/index8820.html]
[jthemes.com/themes/wp/jobbox/index3961.html]
[jthemes.com/themes/wp/jobbox/index30a5.html]
[jthemes.com/themes/wp/jobbox/index5d38.html]
[jthemes.com/themes/wp/jobbox/index57d5.html]
[jthemes.com/themes/wp/jobbox/tag/nature-2/index.html]
[jthemes.com/themes/wp/jobbox/wp-content/plugins/control-testimonials/assets/images/star.svg]
[jthemes.com/themes/wp/jobbox/wp-content/plugins/control-testimonials/assets/images/arrow-prev.svg]
[jthemes.com/themes/wp/jobbox/wp-content/plugins/control-testimonials/assets/images/arrow-next.svg]
[jthemes.com/themes/wp/jobbox/index9e83.html]
[jthemes.com/themes/wp/jobbox/wp-content/uploads/2022/09/recruiter-5-1.svg]
[jthemes.com/themes/wp/jobbox/product-category/music/index.html]
[jthemes.com/themes/wp/jobbox/product/album/index5c86.html]
[jthemes.com/themes/wp/jobbox/product-category/music/index66fa.html]
[jthemes.com/themes/wp/jobbox/product-category/music/index5c86.html]
[jthemes.com/themes/wp/jobbox/index64b4.html]
[jthemes.com/themes/wp/jobbox/cart/index.html]
[jthemes.com/themes/wp/jobbox/tag/nature-2/feed/index.html]
[jthemes.com/themes/wp/jobbox/product-category/accessories/index.html]
[jthemes.com/themes/wp/jobbox/wp-json/wp/v2/product_cat/75.json]
[jthemes.com/themes/wp/jobbox/product-category/accessories/index5215.html]
[jthemes.com/themes/wp/jobbox/product-category/accessories/indexedd1.html]
[jthemes.com/themes/wp/jobbox/product-category/accessories/indexa46f.html]
[jthemes.com/themes/wp/jobbox/product-category/accessories/index45a2.html]
[jthemes.com/themes/wp/jobbox/product-category/accessories/index6caa.html]
[jthemes.com/themes/wp/jobbox/product/beanie/indexedd1.html]
[jthemes.com/themes/wp/jobbox/product-category/accessories/feed/index.html]
[jthemes.com/themes/wp/jobbox/product/beanie/index45a2.html]
[jthemes.com/themes/wp/jobbox/wp-json/wp/v2/product/13.json]
[jthemes.com/themes/wp/jobbox/product/sunglasses/feed/index.html]
[jthemes.com/themes/wp/jobbox/wp-json/oembed/1.0/embed2e04.json]
[jthemes.com/themes/wp/jobbox/product/sunglasses/index.html]
[jthemes.com/themes/wp/jobbox/wp-json/oembed/1.0/embed2932]
[jthemes.com/themes/wp/jobbox/product/beanie/index6caa.html]
[jthemes.com/themes/wp/jobbox/product/sunglasses/indexedd1.html]
[jthemes.com/themes/wp/jobbox/product/sunglasses/index45a2.html]
[jthemes.com/themes/wp/jobbox/product/sunglasses/indexa46f.html]
[jthemes.com/themes/wp/jobbox/product/beanie/indexa46f.html]
[jthemes.com/themes/wp/jobbox/indexa5f9.html]
[jthemes.com/themes/wp/jobbox/product/sunglasses/index5215.html]
[jthemes.com/themes/wp/jobbox/product/beanie-with-logo/index45a2.html]
[jthemes.com/themes/wp/jobbox/product/beanie-with-logo/index6caa.html]
[jthemes.com/themes/wp/jobbox/product/beanie-with-logo/index5215.html]
[jthemes.com/themes/wp/jobbox/product/beanie-with-logo/indexa46f.html]
[jthemes.com/themes/wp/jobbox/index5757.html]
[jthemes.com/themes/wp/jobbox/product/belt/index45a2.html]
[jthemes.com/themes/wp/jobbox/product/belt/index6caa.html]
[jthemes.com/themes/wp/jobbox/product/belt/indexedd1.html]
[jthemes.com/themes/wp/jobbox/product/belt/index5215.html]
[jthemes.com/themes/wp/jobbox/index678b.html]
[jthemes.com/themes/wp/jobbox/product/cap/indexa46f.html]
[jthemes.com/themes/wp/jobbox/product/cap/index5215.html]
[jthemes.com/themes/wp/jobbox/product/cap/indexedd1.html]
[jthemes.com/themes/wp/jobbox/index391d.html]
[jthemes.com/themes/wp/jobbox/product/cap/index6caa.html]
[jthemes.com/themes/wp/jobbox/wp-json/wp/v2/product/1226]
[jthemes.com/themes/wp/jobbox/product/hoodie/feed/index.html]
[jthemes.com/themes/wp/jobbox/wp-json/oembed/1.0/embed7882]
[jthemes.com/themes/wp/jobbox/product-category/hoodies/index.html]
[jthemes.com/themes/wp/jobbox/product-category/hoodies/index4fe3.html]
[jthemes.com/themes/wp/jobbox/product/hoodie/index4fe3.html]
[jthemes.com/themes/wp/jobbox/indexcef9.html]
[jthemes.com/themes/wp/jobbox/indexa1ca.html]
[jthemes.com/themes/wp/jobbox/product/hoodie-with-zipper/index4fe3.html]
[jthemes.com/themes/wp/jobbox/product-category/hoodies/feed/index.html]
[jthemes.com/themes/wp/jobbox/indexc7c9.html]
[jthemes.com/themes/wp/jobbox/wp-content/plugins/woocommerce/assets/js/frontend/add-to-cart-variation.min2632.js]
[jthemes.com/themes/wp/jobbox/wp-json/oembed/1.0/embed2235]
[jthemes.com/themes/wp/jobbox/product-category/clothing/index.html]
[jthemes.com/themes/wp/jobbox/wp-json/wp/v2/product_cat/78.json]
[jthemes.com/themes/wp/jobbox/wp-json/wp/v2/product/1227]
[jthemes.com/themes/wp/jobbox/product-category/tshirts/index.html]
[jthemes.com/themes/wp/jobbox/product-category/tshirts/index0ba2.html]
[jthemes.com/themes/wp/jobbox/product-category/tshirts/index31d8.html]
[jthemes.com/themes/wp/jobbox/product/t-shirt-with-logo/index.html]
[jthemes.com/themes/wp/jobbox/product/long-sleeve-tee/index31d8.html]
[jthemes.com/themes/wp/jobbox/product/long-sleeve-tee/index0ba2.html]
[jthemes.com/themes/wp/jobbox/product-category/tshirts/feed/index.html]
[jthemes.com/themes/wp/jobbox/wp-json/wp/v2/product/1213.json]
[jthemes.com/themes/wp/jobbox/wp-json/oembed/1.0/embed6cf1.json]
[jthemes.com/themes/wp/jobbox/product/v-neck-t-shirt/index.html]
[jthemes.com/themes/wp/jobbox/wp-json/oembed/1.0/embede557]
[jthemes.com/themes/wp/jobbox/product/v-neck-t-shirt/index31d8.html]
[jthemes.com/themes/wp/jobbox/product/v-neck-t-shirt/index0ba2.html]
[jthemes.com/themes/wp/jobbox/product/v-neck-t-shirt/index186c.html]
[jthemes.com/themes/wp/jobbox/product/t-shirt/feed/index.html]
[jthemes.com/themes/wp/jobbox/wp-json/oembed/1.0/embed8e0b.json]
[jthemes.com/themes/wp/jobbox/product/t-shirt/index.html]
[jthemes.com/themes/wp/jobbox/wp-json/oembed/1.0/embedd84f]
[jthemes.com/themes/wp/jobbox/product/t-shirt/index0ba2.html]
[jthemes.com/themes/wp/jobbox/product/long-sleeve-tee/index186c.html]
[jthemes.com/themes/wp/jobbox/indexd8eb.html]
[jthemes.com/themes/wp/jobbox/product/polo/indexfe55.html]
[jthemes.com/themes/wp/jobbox/product/polo/index31d8.html]
[jthemes.com/themes/wp/jobbox/shop/page/2/index6caa.html]
[jthemes.com/themes/wp/jobbox/shop/page/2/index186c.html]
[jthemes.com/themes/wp/jobbox/wp-json/wp/v2/product/1228.json]
[jthemes.com/themes/wp/jobbox/wp-json/oembed/1.0/embeda26e.json]
[jthemes.com/themes/wp/jobbox/product/wordpress-pennant/index.html]
[jthemes.com/themes/wp/jobbox/shop/page/1/index.html]
[jthemes.com/themes/wp/jobbox/index4cb5.html]
[jthemes.com/themes/wp/jobbox/job/ui-ux-designer-fulltime/index.html]
[jthemes.com/themes/wp/jobbox/wp-content/uploads/2022/09/recruiter-11.svg]
[jthemes.com/themes/wp/jobbox/indexd89d.html]
[jthemes.com/themes/wp/jobbox/wp-content/uploads/2022/09/recruiter-14.svg]
[jthemes.com/themes/wp/jobbox/wp-json/oembed/1.0/embed54b5]
[jthemes.com/themes/wp/jobbox/index6233.html]
[jthemes.com/themes/wp/jobbox/wp-json/oembed/1.0/embede945.json]
[jthemes.com/themes/wp/jobbox/wp-json/oembed/1.0/embed38bc]
[jthemes.com/themes/wp/jobbox/index27cd.html]
[jthemes.com/themes/wp/jobbox/wp-json/oembed/1.0/embed6a0e.json]
[jthemes.com/themes/wp/jobbox/wp-json/oembed/1.0/embedec68]
[jthemes.com/themes/wp/jobbox/index3b72.html]
[jthemes.com/themes/wp/jobbox/wp-json/oembed/1.0/embedc410]
[jthemes.com/themes/wp/jobbox/wp-content/uploads/2023/02/job-single.svg]
[jthemes.com/themes/wp/jobbox/wp-json/oembed/1.0/embed924f]
[jthemes.com/themes/wp/jobbox/index8054.html]
[jthemes.com/themes/wp/jobbox/wp-content/uploads/2022/09/recruiter-5-1.svg]
[jthemes.com/themes/wp/jobbox/wp-json/oembed/1.0/embed1fd3]
[jthemes.com/themes/wp/jobbox/product-category/decor/index.html]
[jthemes.com/themes/wp/jobbox/product-category/music/index66fa.html]
[jthemes.com/themes/wp/jobbox/product-category/music/index5c86.html]
[jthemes.com/themes/wp/jobbox/wp-json/oembed/1.0/embed9b06]
[jthemes.com/themes/wp/jobbox/product-category/music/feed/index.html]
[jthemes.com/themes/wp/jobbox/wp-json/wp/v2/tags/102]
[jthemes.com/themes/wp/jobbox/wp-json/oembed/1.0/embed14c4.json]
[jthemes.com/themes/wp/jobbox/wp-json/oembed/1.0/embed9cc5]
[jthemes.com/themes/wp/jobbox/wp-content/uploads/woocommerce-placeholder-300x300.png]
[jthemes.com/themes/wp/jobbox/cart/index.html]
[jthemes.com/themes/wp/jobbox/product-category/accessories/index5215.html]
[jthemes.com/themes/wp/jobbox/product-category/accessories/indexedd1.html]
[jthemes.com/themes/wp/jobbox/product-category/accessories/indexa46f.html]
[jthemes.com/themes/wp/jobbox/product-category/accessories/index45a2.html]
[jthemes.com/themes/wp/jobbox/product-category/accessories/index6caa.html]
[jthemes.com/themes/wp/jobbox/product/beanie/indexedd1.html]
[jthemes.com/themes/wp/jobbox/product/beanie/index45a2.html]
[jthemes.com/themes/wp/jobbox/index2dc4.html]
[jthemes.com/themes/wp/jobbox/product/sunglasses/index45a2.html]
[jthemes.com/themes/wp/jobbox/product/sunglasses/indexedd1.html]
[jthemes.com/themes/wp/jobbox/product/sunglasses/indexa46f.html]
[jthemes.com/themes/wp/jobbox/product/sunglasses/index5215.html]
[jthemes.com/themes/wp/jobbox/checkout/index.html]
[jthemes.com/themes/wp/jobbox/product/beanie-with-logo/index45a2.html]
[jthemes.com/themes/wp/jobbox/product/beanie-with-logo/index6caa.html]
[jthemes.com/themes/wp/jobbox/product/belt/indexedd1.html]
[jthemes.com/themes/wp/jobbox/product/cap/index6caa.html]
[jthemes.com/themes/wp/jobbox/product-category/hoodies/index4fe3.html]
[jthemes.com/themes/wp/jobbox/product-category/hoodies/indexbd81.html]
[jthemes.com/themes/wp/jobbox/product/hoodie/indexbd81.html]
[jthemes.com/themes/wp/jobbox/product/hoodie/index4fe3.html]
[jthemes.com/themes/wp/jobbox/product/hoodie-with-logo/indexbd81.html]
[jthemes.com/themes/wp/jobbox/wp-json/wp/v2/product_cat/73]
[jthemes.com/themes/wp/jobbox/product-category/clothing/feed/index.html]
[jthemes.com/themes/wp/jobbox/wp-json/wp/v2/product/1217]
[jthemes.com/themes/wp/jobbox/product-category/tshirts/index0ba2.html]
[jthemes.com/themes/wp/jobbox/product-category/tshirts/index31d8.html]
[jthemes.com/themes/wp/jobbox/wp-json/wp/v2/product/1225.json]
[jthemes.com/themes/wp/jobbox/wp-json/oembed/1.0/embed962d.json]
[jthemes.com/themes/wp/jobbox/product/t-shirt-with-logo/index.html]
[jthemes.com/themes/wp/jobbox/product/v-neck-t-shirt/indexfe55.html]
[jthemes.com/themes/wp/jobbox/product/v-neck-t-shirt/index31d8.html]
[jthemes.com/themes/wp/jobbox/product/v-neck-t-shirt/index0ba2.html]
[jthemes.com/themes/wp/jobbox/product/v-neck-t-shirt/index186c.html]
[jthemes.com/themes/wp/jobbox/index9f30.html]
[jthemes.com/themes/wp/jobbox/product/t-shirt/index0ba2.html]
[jthemes.com/themes/wp/jobbox/product/t-shirt/indexfe55.html]
[jthemes.com/themes/wp/jobbox/product/polo/index186c.html]
[jthemes.com/themes/wp/jobbox/product/v-neck-t-shirt/feed/index.html]
[jthemes.com/themes/wp/jobbox/indexb213.html]
[jthemes.com/themes/wp/jobbox/shop/page/2/index186c.html]
[jthemes.com/themes/wp/jobbox/index5e1c.html]
[jthemes.com/themes/wp/jobbox/product/single/feed/index.html]
[jthemes.com/themes/wp/jobbox/wp-json/wp/v2/product/1219]
[jthemes.com/themes/wp/jobbox/product/wordpress-pennant/feed/index.html]
[jthemes.com/themes/wp/jobbox/product-category/decor/feed/index.html]
[jthemes.com/themes/wp/jobbox/product-category/decor/index.html]
[jthemes.com/themes/wp/jobbox/wp-json/oembed/1.0/embed9b06]
[jthemes.com/themes/wp/jobbox/recruiters/page/2/index437c.html]
[jthemes.com/themes/wp/jobbox/index42dc.html]
[jthemes.com/themes/wp/jobbox/cart/indexb2d8.html]
[jthemes.com/themes/wp/jobbox/cart/index41b4.html]
[jthemes.com/themes/wp/jobbox/wp-json/wp/v2/product_cat/79.json]
[jthemes.com/themes/wp/jobbox/cart/index7241.html]
[jthemes.com/themes/wp/jobbox/cart/index7f18.html]
[jthemes.com/themes/wp/jobbox/wp-json/wp/v2/pages/6]
[jthemes.com/themes/wp/jobbox/cart/index6613.html]
[jthemes.com/themes/wp/jobbox/cart/index23a1.html]
[jthemes.com/themes/wp/jobbox/wp-json/wp/v2/product_cat/77]
[jthemes.com/themes/wp/jobbox/wp-json/wp/v2/pages/7.json]
[jthemes.com/themes/wp/jobbox/checkout/index.html]
[jthemes.com/themes/wp/jobbox/product/beanie-with-logo/feed/index.html]
[jthemes.com/themes/wp/jobbox/wp-json/oembed/1.0/embed64f9]
[jthemes.com/themes/wp/jobbox/product-category/hoodies/indexbd81.html]
[jthemes.com/themes/wp/jobbox/product/hoodie/indexbd81.html]
[jthemes.com/themes/wp/jobbox/product/hoodie-with-logo/indexbd81.html]
[jthemes.com/themes/wp/jobbox/index6f3b.html]
[jthemes.com/themes/wp/jobbox/product/v-neck-t-shirt/indexfe55.html]
[jthemes.com/themes/wp/jobbox/product/t-shirt/indexfe55.html]
[jthemes.com/themes/wp/jobbox/product/polo/index186c.html]
[jthemes.com/themes/wp/jobbox/product/single/index66fa.html]
[jthemes.com/themes/wp/jobbox/shop/page/2/index31d8.html]
[jthemes.com/themes/wp/jobbox/cart/indexaafe.html]
[jthemes.com/themes/wp/jobbox/cart/indexde73.html]
[jthemes.com/themes/wp/jobbox/cart/index548e.html]
[jthemes.com/themes/wp/jobbox/cart/indexa7a7.html]
[jthemes.com/themes/wp/jobbox/indexc4f7.html]
[jthemes.com/themes/wp/jobbox/wp-json/wp/v2/product_cat/72]
[jthemes.com/themes/wp/jobbox/product-category/tshirts/indexfe55.html]
[jthemes.com/themes/wp/jobbox/product-category/tshirts/index186c.html]
[jthemes.com/themes/wp/jobbox/index6b98.html]
[jthemes.com/themes/wp/jobbox/wp-json/wp/v2/product/1216]
[jthemes.com/themes/wp/jobbox/product/t-shirt/index31d8.html]
[jthemes.com/themes/wp/jobbox/cart/index5dcb.html]
[jthemes.com/themes/wp/jobbox/cart/index9842.html]
[jthemes.com/themes/wp/jobbox/cart/index01cb.html]
[jthemes.com/themes/wp/jobbox/wp-content/plugins/woocommerce/assets/js/frontend/country-select.min2632.js]
[jthemes.com/themes/wp/jobbox/wp-content/plugins/woocommerce/assets/js/frontend/address-i18n.min2632.js]
[jthemes.com/themes/wp/jobbox/wp-content/plugins/woocommerce/assets/js/frontend/cart.min2632.js]
[jthemes.com/themes/wp/jobbox/product/t-shirt-with-logo/feed/index.html]
[jthemes.com/themes/wp/jobbox/indexf5cb.html]
[jthemes.com/themes/wp/jobbox/wp-json/oembed/1.0/embed90de]
[jthemes.com/themes/wp/jobbox/product/t-shirt-with-logo/index0ba2.html]
[jthemes.com/themes/wp/jobbox/product/t-shirt-with-logo/indexfe55.html]
[jthemes.com/themes/wp/jobbox/product/t-shirt-with-logo/index186c.html]
[jthemes.com/themes/wp/jobbox/wp-json/oembed/1.0/embedde5c]
[jthemes.com/themes/wp/jobbox/wp-json/oembed/1.0/embedd701]
[jthemes.com/themes/wp/jobbox/cart/index2c72.html]
[jthemes.com/themes/wp/jobbox/cart/indexf21a.html]
[jthemes.com/themes/wp/jobbox/cart/index25e4.html]
[jthemes.com/themes/wp/jobbox/cart/index4561.html]
[jthemes.com/themes/wp/jobbox/cart/indexfbce.html]
[jthemes.com/themes/wp/jobbox/cart/indexebbb.html]
[jthemes.com/themes/wp/jobbox/wp-content/plugins/woocommerce/assets/js/frontend/checkout.min2632.js]
